================================================================================
== Profile: REAL-TIME, CPU-freq = 2.60 GHz
                                                          Calls Real-Time  Parent 
                                                                   (secs) fraction

    <zixl_543IiP35>~_zixl                                                1       1.3 (100.0%)
  zixl_zi_z57_ZAiL:q325~_zixl                                            1       1.3         
    zixl_zi_z57_rI1A21_5Le_ALS_4118tAI~_zixl                             1       0.7 ( 49.8%)
      zixl_zi_A16_51234_ALS_rI1A21_L12ei52_6PIZAe~_zixl                  1       0.4 ( 57.4%)
        zixl_A16_6PIZAe_rI1A21_L12ei52~_zixl                             1       0.3 ( 75.2%)
          zixl_zi_A16_6PIZAe_rI1A21_L12ei52~_zixl                        1       0.3 ( 99.7%)
            zixl_zi_SyP_ZPS1e_q12_PI_ZA81_Le_qIA47_r352PZ [E]~_zixl         32       0.3 ( 99.0%)
        zixl_A16_6PIZAe_rI1A21_SyP_ZPS1e5_SAq~_zixl                      1       0.1 ( 24.5%)
      zixl_zi_rI1A21_5Le_ALS_4118tAI_6PI_qIA47~_zixl                     1       0.2 ( 29.7%)
        zixl_dQx-rI1A2iPL~_zixl                                          1       0.1 ( 48.9%)
          zixl_bPLL1r2g323I1bePr8V94I5~_zixl                             1       0.0 ( 24.6%)
            <zixl_I152>~_zixl                                                    0.0 ( 99.5%)
          zixl_bPLt1I2QeV94INPdLeV94I~_zixl                              1       0.0 ( 12.7%)
            zixl_y3ieS_194I~_zixl                                     2404       0.0 ( 23.0%)
              <zixl_I152>~_zixl                                                  0.0 ( 99.9%)
            zixl_4P52_4IPr155_194I~_zixl                              2404       0.0 (  3.1%)
            <zixl_I152>~_zixl                                                    0.0 ( 73.9%)
          zixl_p42iZiz1QeV94I:p42V94INAye1~_zixl                         1       0.0 ( 11.3%)
          zixl_p42iZiz1QxV94I:zi_194I_S34_194I_AIIAO~_zixl               1       0.0 (  1.0%)
          <zixl_I152>~_zixl                                                      0.0 ( 50.0%)
        zixl_zi_A16_4IPr155_eiL81S_qIA47~_zixl                           1       0.1 ( 30.4%)
          zixl_Le-LPS1-AeePr-4IiL2Aye1-LAZ1~_zixl                      758       0.0 (  6.5%)
            zixl_Le-LPS1-AeePr-4IiL2Aye1-LAZ1-3Li6i1S~_zixl            758       0.0 ( 98.8%)
            <zixl_I152>~_zixl                                                    0.0 (  1.2%)
          <zixl_I152>~_zixl                                                      0.1 ( 93.5%)
        <zixl_I152>~_zixl                                                        0.0 ( 19.8%)
      zixl_zi_A16_6eA221L_6PI_6PIZAe~_zixl                               1       0.1 ( 12.9%)
        zixl_zi_A16_6eA221L_L12ei52_6PIZAe~_zixl                         1       0.1 (100.0%)
          zixl_6eA221L_qIA47_I1Ae [R]~_zixl                              1       0.1 ( 64.6%)
          <zixl_I152>~_zixl                                                      0.0 ( 35.4%)
    <zixl_I152>~_zixl                                                            0.7 ( 50.2%)

    zixl_zi_A16_6PIZAe_rI1A21_L12ei52~_zixl                             32       0.3 (100.0%)
  zixl_zi_SyP_ZPS1e_q12_PI_ZA81_Le_qIA47_r352PZ~_zixl                   48       0.3         
    zixl_zi_Le_I52I_qIA47_ePrAe~_zixl                                   16       0.2 ( 55.1%)
    <zixl_I152>~_zixl                                                            0.1 ( 44.9%)

    zixl_zi_A16_6PIZAe_rI1A21_L12ei52~_zixl                             16       0.0 (  2.6%)
    zixl_zi_A16_6eA221L_L12ei52_6PIZAe~_zixl                             1       0.1 ( 97.4%)
  zixl_6eA221L_qIA47_I1Ae~_zixl                                         17       0.1         
    zixl_zi_Le_iLeiL1_53yr82~_zixl                                      15       0.0 ( 23.0%)
      <zixl_I152>~_zixl                                                          0.0 ( 99.8%)
    <zixl_I152>~_zixl                                                            0.0 ( 77.0%)


================================================================================
== Profile: PEAK-MEMORY, CPU-freq = 2.60 GHz
                                                          Calls   Peak-Mb         
                                                                                  

    <zixl_543IiP35>~_zixl                                                1     260.0 (100.0%)
  zixl_zi_z57_ZAiL:q325~_zixl                                            1     260.0         
    zixl_zi_z57_rI1A21_5Le_ALS_4118tAI~_zixl                             1     260.0 (100.0%)
      zixl_zi_rI1A21_5Le_ALS_4118tAI_6PI_qIA47~_zixl                     1     168.0 ( 64.6%)
        zixl_dQx-rI1A2iPL~_zixl                                          1      84.0 ( 50.0%)
          zixl_bPLL1r2g323I1bePr8V94I5~_zixl                             1      84.0 (100.0%)
            <zixl_I152>~_zixl                                                   84.0 (100.0%)
        <zixl_I152>~_zixl                                                       84.0 ( 50.0%)
      zixl_zi_A16_51234_ALS_rI1A21_L12ei52_6PIZAe~_zixl                  1      88.0 ( 33.8%)
        zixl_A16_6PIZAe_rI1A21_L12ei52~_zixl                             1      84.0 ( 95.5%)
          zixl_zi_A16_6PIZAe_rI1A21_L12ei52~_zixl                        1      84.0 (100.0%)
            zixl_zi_SyP_ZPS1e_q12_PI_ZA81_Le_qIA47_r352PZ [E]~_zixl         32      84.0 (100.0%)
        zixl_A16_6PIZAe_rI1A21_SyP_ZPS1e5_SAq~_zixl                      1       4.0 (  4.5%)
      zixl_zi_A16_6eA221L_6PI_6PIZAe~_zixl                               1       4.0 (  1.5%)
        zixl_zi_A16_6eA221L_L12ei52_6PIZAe~_zixl                         1       4.0 (100.0%)
          zixl_6eA221L_qIA47_I1Ae [R]~_zixl                              1       4.0 (100.0%)

    zixl_zi_A16_6PIZAe_rI1A21_L12ei52~_zixl                             32      84.0 (100.0%)
  zixl_zi_SyP_ZPS1e_q12_PI_ZA81_Le_qIA47_r352PZ~_zixl                   48      84.0         
    <zixl_I152>~_zixl                                                           84.0 (100.0%)

    zixl_zi_A16_6eA221L_L12ei52_6PIZAe~_zixl                             1       4.0 (100.0%)
  zixl_6eA221L_qIA47_I1Ae~_zixl                                         17       4.0         
    <zixl_I152>~_zixl                                                            4.0 (100.0%)

