================================================================================
== Profile: REAL-TIME, VTIME, CPU-freq = 2.60 GHz
                                                          Calls Real-Time  Parent  Virt-Time  Parent 
                                                                   (secs) fraction    (secs) fraction

    <zixl_543IiP35>~_zixl                                                1      52.3 (100.0%)      67.4 (100.0%)
  zixl_5A5-ZAiL~_zixl                                                    1      52.3               67.4         
    zixl_5eAt1-I3L~_zixl                                                 1      52.3 (100.0%)      67.4 (100.0%)
      zixl_5eAt1-I1rt~_zixl                                             36      52.3 (100.0%)      67.4 (100.0%)
        zixl_5eAt1-191r321-2A58~_zixl                                   34      51.3 ( 98.1%)      67.4 (100.0%)
          zixl_IAI-iZ4e-5Pet1~_zixl                                     34      51.3 (100.0%)      67.4 (100.0%)
            zixl_IAI-5Pet1~_zixl                                        34      48.6 ( 94.8%)      64.3 ( 95.4%)
              zixl_IAI-5Pet1-5Pet1~_zixl                               154      46.3 ( 95.1%)      60.3 ( 93.8%)
                zixl_irY-5Pet1~_zixl                                   138      42.7 ( 92.3%)      57.7 ( 95.6%)
                  zixl_irY-52I1Lq271L~_zixl                            215      32.0 ( 75.0%)      46.1 ( 79.9%)
                    zixl_irY-q1L1IAeiz1~_zixl                          986      20.5 ( 63.9%)      28.9 ( 62.7%)
                      zixl_irY-Zir~_zixl                               986      18.0 ( 88.0%)      25.3 ( 87.4%)
                        zixl_irY-r2qfPUL~_zixl                        7963      17.5 ( 97.4%)      24.8 ( 98.2%)
                          zixl_irY-rPL51r32iPL [T]~_zixl              7925      15.2 ( 86.4%)      21.6 ( 87.3%)
                          zixl_irY-iLi2iA2iPL [T]~_zixl               9692       2.3 ( 12.9%)       3.2 ( 12.7%)
                        zixl_irY-34~_zixl                             2929       0.5 (  2.6%)       0.5 (  1.8%)
                          zixl_5r5-5Pet1 [T]~_zixl                    3663       0.4 ( 78.0%)       0.4 ( 81.3%)
                          zixl_5Pet1 [G]~_zixl                        2929       0.1 ( 13.8%)       0.1 ( 15.6%)
                          zixl_3LSP [D]~_zixl                         5307       0.0 (  1.4%)       0.0 (  2.2%)
                          <zixl_I152>~_zixl                                      0.0 (  6.3%)       0.0 (  0.5%)
                      zixl_irY-rPL51r32iPL [R]~_zixl                   884       2.4 ( 11.8%)       3.6 ( 12.4%)
                    zixl_irY-rPL51r32iPL [E]~_zixl                    1839       6.3 ( 19.7%)      10.0 ( 21.8%)
                    zixl_5r5-5Pet1 [E]~_zixl                           314       2.9 (  9.1%)       4.7 ( 10.1%)
                    zixl_irY-iLi2iA2iPL [E]~_zixl                     1744       2.2 (  6.7%)       2.3 (  5.0%)
                  zixl_irY-yA51bA515~_zixl                             135       4.4 ( 10.4%)       4.4 (  7.7%)
                    zixl_IAI-6iI1dA61 [E]~_zixl                         52       1.4 ( 31.8%)       0.6 ( 14.3%)
                    zixl_5Pet1 [R]~_zixl                               240       0.7 ( 15.5%)       1.1 ( 23.8%)
                    zixl_L1U-tAI [T]~_zixl                         2298689       0.4 (  8.0%)       0.4 (  8.6%)
                    zixl_55-ASSdP3Ir1 [R]~_zixl                     412806       0.1 (  1.2%)       0.0 (  0.0%)
                    <zixl_I152>~_zixl                                            1.9 ( 43.4%)       2.4 ( 53.3%)
                  zixl_irY-5Pet1[rPL6iq3I1]~_zixl                       82       2.7 (  6.3%)       3.2 (  5.6%)
                    zixl_irY-I1512dPet1I5 [E]~_zixl                     82       2.0 ( 72.5%)       2.4 ( 73.7%)
                    zixl_irY-rPL6iq3I1gIPL2i1I~_zixl                    82       0.7 ( 26.0%)       0.8 ( 25.1%)
                      zixl_L1U-tAI [D]~_zixl                        587231       0.1 ( 13.8%)       0.1 ( 11.9%)
                      zixl_I1ZPt1-5A2i56i1S [T]~_zixl                  410       0.0 (  3.2%)       0.0 (  3.9%)
                      zixl_55-ASSdP3Ir1 [Y]~_zixl                   130024       0.0 (  2.1%)       0.0 (  0.0%)
                      <zixl_I152>~_zixl                                          0.6 ( 79.7%)       0.7 ( 84.1%)
                      <zixl_58i441S>~_zixl                                       0.0 (  1.2%)       0.0 (  0.0%)
                    zixl_irY-rPL6iq3I1xi62gIPL2i1I [E]~_zixl            82       0.0 (  1.5%)       0.0 (  1.2%)
                  zixl_IAI-6iI1dA61 [R]~_zixl                           58       1.7 (  4.1%)       1.9 (  3.3%)
                  zixl_irY-9A553Z15~_zixl                               88       1.2 (  2.7%)       1.3 (  2.2%)
                    zixl_irY-I1512xi62dPet1I5~_zixl                     88       1.1 ( 95.3%)       1.3 ( 97.2%)
                      zixl_irY-rPL6iq3I1xi62gIPL2i1I [R]~_zixl          88       0.5 ( 47.3%)       0.6 ( 50.2%)
                      zixl_irY-rPL6iq3I1xi62 [R]~_zixl                  88       0.5 ( 47.2%)       0.6 ( 49.8%)
                      zixl_55-I1512 [H]~_zixl                          176       0.1 (  5.5%)       0.0 (  0.0%)
                    <zixl_I152>~_zixl                                            0.1 (  4.7%)       0.0 (  2.8%)
                  zixl_irY-I1512dPet1I5 [R]~_zixl                       46       0.5 (  1.1%)       0.5 (  0.9%)
                zixl_ySS-5Pet1~_zixl                                    16       3.6 (  7.7%)       2.6 (  4.4%)
                  zixl_yeL_ySS~_zixl                                    16       3.4 ( 94.9%)       2.5 ( 95.1%)
                    zixl_yeL_ySS-Zr~_zixl                               13       3.1 ( 91.6%)       2.3 ( 92.2%)
                    zixl_yeL_ySS-ir~_zixl                               15       0.3 (  8.3%)       0.2 (  7.8%)
                      zixl_yeL_ySS-ir-2I~_zixl                          13       0.2 ( 62.0%)       0.1 ( 58.4%)
                      zixl_yeL_ySS-ir-rL52I5-4I1~_zixl                  13       0.1 ( 36.7%)       0.1 ( 40.9%)
                      <zixl_I152>~_zixl                                          0.0 (  1.3%)       0.0 (  0.6%)
                  zixl_IAI-6iI1dA61 [T]~_zixl                           10       0.1 (  1.8%)       0.1 (  2.3%)
                  zixl_I14-2IAr1~_zixl                                  10       0.0 (  1.3%)       0.1 (  2.6%)
                    zixl_reA35i6O [T]~_zixl                            520       0.0 ( 31.8%)       0.0 ( 54.7%)
                    zixl_5Pet1 [RE]~_zixl                               10       0.0 (  4.6%)       0.0 (  6.4%)
                    zixl_34SA21-ZAI81S-tAI5 [T]~_zixl                   10       0.0 (  3.9%)       0.0 (  6.7%)
                    zixl_ZAI8-ePqir [T]~_zixl                           10       0.0 (  1.6%)       0.0 (  5.4%)
                    <zixl_I152>~_zixl                                            0.0 ( 57.8%)       0.0 ( 26.8%)
                  <zixl_I152>~_zixl                                              0.1 (  2.0%)       0.0 (  0.0%)
              zixl_IAI-4yA-2IAr1~_zixl                                  49       0.6 (  1.3%)       2.7 (  4.2%)
                zixl_IAI-6iI1dA61 [Y]~_zixl                             49       0.6 ( 91.8%)       2.7 ( 97.8%)
                zixl_IAI-rPL52I3r2 [R]~_zixl                            49       0.0 (  5.7%)       0.1 (  2.2%)
                <zixl_I152>~_zixl                                                0.0 (  2.5%)       0.0 (  0.0%)
              zixl_4yA-5Pet1~_zixl                                      64       0.5 (  1.0%)       0.8 (  1.3%)
                zixl_4yA-5Pet1-5Pet1~_zixl                              63       0.3 ( 54.4%)       0.6 ( 69.3%)
                  zixl_reA35i6O [R]~_zixl                             7984       0.1 ( 55.5%)       0.3 ( 58.1%)
                  zixl_5Pet1 [K]~_zixl                                  63       0.1 ( 36.9%)       0.2 ( 30.9%)
                  zixl_34SA21-ZAI81S-tAI5 [R]~_zixl                     63       0.0 (  5.1%)       0.0 (  6.1%)
                  zixl_ZAI8-ePqir [R]~_zixl                             63       0.0 (  2.3%)       0.0 (  4.9%)
                zixl_4yA-5Pet1-A553Z1~_zixl                             64       0.1 ( 26.9%)       0.2 ( 18.9%)
                  <zixl_I152>~_zixl                                              0.1 ( 99.3%)       0.2 (100.0%)
                zixl_4yA-1LrPS1~_zixl                                   64       0.1 ( 12.3%)       0.1 ( 11.7%)
                  zixl_yeL-rI1A21-i21 [R]~_zixl                     317078       0.0 ( 47.9%)       0.1 ( 99.9%)
                  <zixl_I152>~_zixl                                              0.0 ( 52.1%)       0.0 (  0.1%)
                <zixl_I152>~_zixl                                                0.0 (  6.3%)       0.0 (  0.0%)
              <zixl_I152>~_zixl                                                  0.9 (  1.8%)       0.0 (  0.0%)
            zixl_IAI-iLtAIiAL25~_zixl                                   34       2.2 (  4.4%)       3.1 (  4.6%)
              zixl_irY-iLtAIiAL25~_zixl                                 28       2.2 (100.0%)       3.1 (100.0%)
                zixl_irY-4IP4AqA21 [E]~_zixl                            27       1.9 ( 84.8%)       2.8 ( 89.0%)
                zixl_irY-rPL6iq3I1bPL5 [R]~_zixl                        26       0.3 ( 11.7%)       0.3 ( 11.0%)
                zixl_5r5-I1512 [T]~_zixl                                26       0.0 (  2.1%)       0.0 (  0.0%)
                zixl_55-I1512 [G]~_zixl                                 26       0.0 (  1.4%)       0.0 (  0.0%)
        zixl_5eAt1-I1rt-UAi2~_zixl                                      56       0.9 (  1.8%)       0.0 (  0.0%)

    zixl_irY-yA51bA515~_zixl                                           240       0.7 (  2.2%)       1.1 (  2.2%)
    zixl_5r5-5Pet1~_zixl                                             11521      13.9 ( 45.4%)      21.5 ( 45.5%)
    zixl_irY-iLi2iA2iPL~_zixl                                        14438       3.5 ( 11.3%)       4.5 (  9.6%)
    zixl_irY-rPL5E~_zixl                                              4490      10.9 ( 35.6%)      15.7 ( 33.2%)
    zixl_irY-52A21p6~_zixl                                            3430       1.0 (  3.1%)       1.5 (  3.2%)
    zixl_52e-ei62~_zixl                                                108       0.5 (  1.5%)       2.5 (  5.4%)
  zixl_5Pet1~_zixl                                                   37530      30.6               47.3         
    zixl_3LSP [R]~_zixl                                             190940       3.2 ( 10.5%)       6.5 ( 13.8%)
    zixl_ALAeOz1~_zixl                                              179489       0.5 (  1.8%)       0.2 (  0.3%)
      zixl_q1L1IA21-reA351~_zixl                                    179489       0.2 ( 34.6%)       0.0 (  0.0%)
      zixl_y3Z4-tAI5~_zixl                                          179489       0.1 ( 27.0%)       0.2 (100.0%)
      zixl_ZiLiZiz1-rPL6eir2~_zixl                                  179489       0.1 ( 23.1%)       0.0 (  0.0%)
      zixl_6iLi57~_zixl                                             179489       0.1 ( 11.0%)       0.0 (  0.0%)
      <zixl_I152>~_zixl                                                          0.0 (  4.4%)       0.0 (  0.0%)
    zixl_I1ZPt1-5A2i56i1S [E]~_zixl                                   8985       0.5 (  1.6%)       0.7 (  1.5%)
    <zixl_I152>~_zixl                                                           25.8 ( 84.3%)      39.8 ( 84.3%)
    <zixl_58i441S>~_zixl                                                         0.6 (  1.9%)       0.0 (  0.1%)

    zixl_irY-52I1Lq271L~_zixl                                         1839       6.3 ( 26.4%)      10.0 ( 28.5%)
    zixl_irY-q1L1IAeiz1~_zixl                                          884       2.4 ( 10.1%)       3.6 ( 10.2%)
    zixl_irY-r2qfPUL~_zixl                                            7925      15.2 ( 63.5%)      21.6 ( 61.3%)
  zixl_irY-rPL51r32iPL~_zixl                                         10648      23.9               35.3         
    zixl_irY-rPL5~_zixl                                               6158      12.5 ( 52.2%)      19.3 ( 54.8%)
      zixl_5r5-5Pet1 [R]~_zixl                                        6158       9.9 ( 79.5%)      14.9 ( 77.0%)
      zixl_irY-52A21p6 [E]~_zixl                                      3430       1.4 ( 11.6%)       1.9 (  9.6%)
      zixl_3LSP [Y]~_zixl                                             6149       1.1 (  8.6%)       2.6 ( 13.3%)
    zixl_irY-rPL5E~_zixl                                              4490      11.4 ( 47.8%)      15.9 ( 45.2%)
      zixl_5Pet1 [F]~_zixl                                            4490      10.9 ( 95.4%)      15.7 ( 98.6%)
      zixl_irY-52A21p6 [R]~_zixl                                      3034       0.3 (  2.7%)       0.0 (  0.0%)
      <zixl_I152>~_zixl                                                          0.2 (  1.5%)       0.2 (  1.1%)

    zixl_irY-52I1Lq271L~_zixl                                          314       2.9 ( 19.5%)       4.7 ( 20.6%)
    zixl_irY-rPL5~_zixl                                               6158       9.9 ( 65.8%)      14.9 ( 65.7%)
    zixl_irY-34~_zixl                                                 3663       0.4 (  2.4%)       0.4 (  1.7%)
    zixl_irY-U1A8bPL51r32iPL~_zixl                                    1386       1.8 ( 12.3%)       2.7 ( 12.0%)
  zixl_5r5-5Pet1~_zixl                                               11521      15.1               22.7         
    zixl_5Pet1 [T]~_zixl                                             11521      13.9 ( 92.3%)      21.5 ( 95.0%)
    zixl_55-ZAI8~_zixl                                               11521       0.9 (  6.1%)       0.8 (  3.7%)
      zixl_3LSP [K]~_zixl                                              634       0.1 ( 10.8%)       0.2 ( 25.8%)
      <zixl_I152>~_zixl                                                          0.8 ( 89.2%)       0.6 ( 74.2%)
    <zixl_I152>~_zixl                                                            0.2 (  1.1%)       0.2 (  0.8%)

    zixl_irY-52I1Lq271L~_zixl                                         1744       2.2 ( 46.6%)       2.3 ( 40.1%)
    zixl_irY-r2qfPUL~_zixl                                            9692       2.3 ( 48.9%)       3.2 ( 55.3%)
    zixl_irY-U1A8bPL51r32iPL~_zixl                                       8       0.2 (  4.2%)       0.2 (  4.3%)
  zixl_irY-iLi2iA2iPL~_zixl                                          12855       4.6                5.7         
    zixl_5Pet1 [D]~_zixl                                             14438       3.5 ( 74.5%)       4.5 ( 79.7%)
    zixl_L1U-tAI [RE]~_zixl                                         922373       0.1 (  3.1%)       0.2 (  2.8%)
    zixl_I1ePr-34SA21 [R]~_zixl                                         34       0.1 (  2.9%)       0.0 (  0.0%)
    zixl_3LSP [T]~_zixl                                               1498       0.1 (  1.3%)       0.1 (  1.3%)
    <zixl_I152>~_zixl                                                            0.8 ( 16.5%)       0.9 ( 15.8%)
    <zixl_58i441S>~_zixl                                                         0.1 (  1.7%)       0.0 (  0.4%)

    zixl_L1U-tAI~_zixl                                                1035       0.1 (  1.4%)       0.1 (  1.2%)
    zixl_5Pet1~_zixl                                                190940       3.2 ( 69.8%)       6.5 ( 67.3%)
    zixl_irY-iLi2iA2iPL~_zixl                                         1498       0.1 (  1.3%)       0.1 (  0.8%)
    zixl_irY-rPL5~_zixl                                               6149       1.1 ( 23.2%)       2.6 ( 26.5%)
    zixl_irY-52A21p6~_zixl                                            3429       0.1 (  1.3%)       0.1 (  1.2%)
    zixl_55-ZAI8~_zixl                                                 634       0.1 (  2.1%)       0.2 (  2.2%)
  zixl_3LSP~_zixl                                                   209618       4.6                9.7         

    zixl_irY-yA51bA515~_zixl                                            52       1.4 ( 37.0%)       0.6 ( 12.0%)
    zixl_irY-5Pet1~_zixl                                                58       1.7 ( 45.7%)       1.9 ( 35.9%)
    zixl_ySS-5Pet1~_zixl                                                10       0.1 (  1.7%)       0.1 (  1.2%)
    zixl_IAI-4yA-2IAr1~_zixl                                            49       0.6 ( 15.6%)       2.7 ( 50.9%)
  zixl_IAI-6iI1dA61~_zixl                                              169       3.8                5.2         
    zixl_IAI-ei62~_zixl                                                153       2.3 ( 61.1%)       4.8 ( 92.6%)
      zixl_52e-ei62~_zixl                                              116       2.1 ( 92.2%)       4.8 (100.0%)
        zixl_reA35i6O [E]~_zixl                                     513138       0.9 ( 40.3%)       1.5 ( 30.6%)
        zixl_3LIPee~_zixl                                             3084       0.6 ( 26.9%)       0.6 ( 12.6%)
          <zixl_I152>~_zixl                                                      0.6 ( 98.8%)       0.6 (100.0%)
          <zixl_58i441S>~_zixl                                                   0.0 (  1.2%)       0.0 (  0.0%)
        zixl_5Pet1 [J]~_zixl                                           108       0.5 ( 22.0%)       2.5 ( 52.6%)
        zixl_52e-ei62-rPL6eir2~_zixl                                   102       0.1 (  2.6%)       0.0 (  0.0%)
        zixl_34SA21-ZAI81S-tAI5 [E]~_zixl                              108       0.0 (  2.1%)       0.1 (  2.0%)
        zixl_ZAI8-ePqir [E]~_zixl                                      108       0.0 (  1.4%)       0.1 (  1.6%)
        zixl_52e-ei62-4Ii~_zixl                                        108       0.0 (  1.3%)       0.0 (  0.0%)
        <zixl_I152>~_zixl                                                        0.1 (  3.2%)       0.0 (  0.4%)
      <zixl_I152>~_zixl                                                          0.2 (  7.8%)       0.0 (  0.0%)
    zixl_IAI-ASSgI11s553Z15 [E]~_zixl                                  169       0.8 ( 22.3%)       0.0 (  0.0%)
    zixl_IAI-I16iL1~_zixl                                              169       0.6 ( 16.6%)       0.4 (  7.4%)
      zixl_IAI-5iZhPAe5~_zixl                                          302       0.3 ( 46.8%)       0.4 ( 92.0%)
      zixl_IAI-L1r155AIO~_zixl                                       12438       0.2 ( 32.7%)       0.0 (  6.1%)
        zixl_IAI-5iZf1e2A~_zixl                                      12438       0.2 ( 95.4%)       0.0 ( 90.6%)
          <zixl_I152>~_zixl                                                      0.2 ( 99.3%)       0.0 (100.0%)
        <zixl_I152>~_zixl                                                        0.0 (  4.6%)       0.0 (  9.4%)
      zixl_IAI-192IAr2 [E]~_zixl                                       169       0.0 (  4.9%)       0.0 (  0.9%)
      zixl_IAI-eAO1I5~_zixl                                            138       0.0 (  3.1%)       0.0 (  0.0%)
      zixl_IAI-I16iL1-A553Z15~_zixl                                     15       0.0 (  3.0%)       0.0 (  0.4%)
        zixl_IAI-iLi2B1qi521I5 [Y]~_zixl                                15       0.0 ( 99.0%)       0.0 (100.0%)
      zixl_IAI-I1SPNIAr1~_zixl                                         133       0.0 (  2.3%)       0.0 (  0.7%)
        zixl_IAI-192IAr2 [R]~_zixl                                     133       0.0 ( 99.9%)       0.0 (100.0%)
      zixl_IAI-4P55iye1~_zixl                                          153       0.0 (  1.0%)       0.0 (  0.0%)
      <zixl_I152>~_zixl                                                          0.0 (  6.1%)       0.0 (  0.0%)

    zixl_irY-5Pet1[rPL6iq3I1]~_zixl                                     82       2.0 ( 80.4%)       2.4 ( 81.9%)
    zixl_irY-5Pet1~_zixl                                                46       0.5 ( 19.6%)       0.5 ( 18.1%)
  zixl_irY-I1512dPet1I5~_zixl                                          128       2.4                2.9         
    zixl_irY-rPL6iq3I1EbPL5~_zixl                                       82       1.3 ( 52.4%)       1.6 ( 54.5%)
      zixl_L1U-tAI [G]~_zixl                                       1271735       0.2 ( 15.3%)       0.2 ( 13.2%)
      zixl_55-ASSdP3Ir1 [D]~_zixl                                   260040       0.0 (  2.3%)       0.0 (  0.0%)
      <zixl_I152>~_zixl                                                          1.0 ( 82.4%)       1.4 ( 86.8%)
    zixl_irY-rPL6iq3I1bPL5 [E]~_zixl                                   128       1.1 ( 44.8%)       1.3 ( 45.5%)
    zixl_5r5-I1512 [R]~_zixl                                           128       0.1 (  2.7%)       0.0 (  0.0%)

    zixl_irY-iLtAIiAL25~_zixl                                           27       1.9 ( 93.0%)       2.8 ( 93.1%)
    zixl_irY-5Pet1~_zixl                                                47       0.1 (  7.0%)       0.2 (  6.9%)
  zixl_irY-4IP4AqA21~_zixl                                              74       2.1                3.0         
    zixl_irY-U1A8bPL51r32iPL~_zixl                                    1386       2.0 ( 99.8%)       3.0 (100.0%)
      zixl_5r5-5Pet1 [Y]~_zixl                                        1386       1.8 ( 90.3%)       2.7 ( 91.7%)
      zixl_irY-iLi2iA2iPL [D]~_zixl                                      8       0.2 (  9.6%)       0.2 (  8.3%)

    zixl_irY-rPL5~_zixl                                               3430       1.4 ( 82.6%)       1.9 (100.0%)
    zixl_irY-rPL5E~_zixl                                              3034       0.3 ( 17.4%)       0.0 (  0.0%)
  zixl_irY-52A21p6~_zixl                                              6464       1.7                1.9         
    zixl_5Pet1 [H]~_zixl                                              3430       1.0 ( 55.0%)       1.5 ( 81.6%)
    zixl_irY-52A21p6[iLi2]~_zixl                                      3034       0.3 ( 17.3%)       0.0 (  0.0%)
    zixl_3LSP [F]~_zixl                                               3429       0.1 (  3.4%)       0.1 (  6.4%)
    zixl_L1U-tAI [RD]~_zixl                                         223723       0.0 (  1.9%)       0.0 (  2.0%)
    <zixl_I152>~_zixl                                                            0.4 ( 22.1%)       0.2 ( 10.0%)

    zixl_irY-yA51bA515~_zixl                                       2298689       0.4 ( 23.6%)       0.4 ( 22.3%)
    zixl_irY-rPL6iq3I1xi62gIPL2i1I~_zixl                            521715       0.1 (  5.1%)       0.1 (  5.0%)
    zixl_irY-rPL6iq3I1gIPL2i1I~_zixl                                587231       0.1 (  6.4%)       0.1 (  5.7%)
    zixl_irY-rPL6iq3I1EbPL5~_zixl                                  1271735       0.2 ( 12.9%)       0.2 ( 12.3%)
    zixl_irY-rPL6iq3I1bPL5~_zixl                                   1189837       0.2 ( 11.4%)       0.2 ( 11.5%)
    zixl_irY-52A21p6[gIPL2i1I]~_zixl                                127293       0.0 (  1.2%)       0.0 (  1.2%)
    zixl_irY-iLi2iA2iPL~_zixl                                       922373       0.1 (  9.5%)       0.2 (  9.2%)
    zixl_irY-52A21p6~_zixl                                          223723       0.0 (  2.2%)       0.0 (  2.2%)
    zixl_5r5-5Pet1~_zixl                                            168667       0.1 (  4.5%)       0.1 (  6.6%)
    zixl_irY-rPL5E~_zixl                                            155603       0.0 (  2.7%)       0.0 (  2.4%)
    zixl_irY-rPL6iq3I1xi62~_zixl                                    484585       0.1 (  4.7%)       0.1 (  4.7%)
    zixl_reA35i6O~_zixl                                            1694237       0.2 ( 14.9%)       0.3 ( 16.4%)
  zixl_L1U-tAI~_zixl                                               9668550       1.5                1.7         
    zixl_3LSP [E]~_zixl                                               1035       0.1 (  4.3%)       0.1 (  6.5%)
    <zixl_I152>~_zixl                                                            1.4 ( 95.7%)       1.6 ( 93.5%)

    zixl_irY-I1512dPet1I5~_zixl                                        128       1.1 ( 80.5%)       1.3 ( 79.5%)
    zixl_irY-iLtAIiAL25~_zixl                                           26       0.3 ( 19.5%)       0.3 ( 20.5%)
  zixl_irY-rPL6iq3I1bPL5~_zixl                                         154       1.4                1.7         
    zixl_L1U-tAI [H]~_zixl                                         1189837       0.2 ( 12.7%)       0.2 ( 11.8%)
    zixl_I1ZPt1-5A2i56i1S [Y]~_zixl                                    770       0.0 (  3.3%)       0.1 (  4.0%)
    zixl_55-ASSdP3Ir1 [F]~_zixl                                     273417       0.0 (  1.4%)       0.0 (  0.0%)
    <zixl_I152>~_zixl                                                            1.1 ( 81.3%)       1.4 ( 84.2%)
    <zixl_58i441S>~_zixl                                                         0.0 (  1.3%)       0.0 (  0.0%)

    zixl_52e-ei62~_zixl                                             513138       0.9 ( 84.7%)       1.5 ( 80.3%)
    zixl_4yA-5Pet1-5Pet1~_zixl                                        7984       0.1 ( 13.8%)       0.3 ( 17.7%)
    zixl_I14-2IAr1~_zixl                                               520       0.0 (  1.4%)       0.0 (  2.0%)
  zixl_reA35i6O~_zixl                                               521643       1.0                1.8         
    zixl_L1U-tAI [RK]~_zixl                                        1694237       0.2 ( 22.0%)       0.3 ( 15.1%)
    <zixl_I152>~_zixl                                                            0.8 ( 78.0%)       1.6 ( 84.9%)

    zixl_IAI-6iI1dA61~_zixl                                            169       0.8 (100.0%)       0.0 (100.0%)
  zixl_IAI-ASSgI11s553Z15~_zixl                                        178       0.8                0.0         
    zixl_4r-rPi [E]~_zixl                                               17       0.8 ( 99.6%)       0.0 (  0.0%)
    zixl_IAI-iLi2B1qi521I5 [T]~_zixl                                    17       0.0 (  0.3%)       0.0 ( 99.8%)

    zixl_IAI-ASSgI11s553Z15~_zixl                                       17       0.8 (100.0%)       0.0 ( -nan%)
  zixl_4r-rPi~_zixl                                                     24       0.8                0.0         
    zixl_rPi-y3ieS~_zixl                                                 3       0.8 ( 98.0%)       0.0 ( -nan%)
      zixl_rPi-rPZy~_zixl                                           137282       0.4 ( 52.1%)       0.0 ( -nan%)
        zixl_rPi-54-3LiPLp6 [E]~_zixl                               147948       0.4 ( 91.9%)       0.0 ( -nan%)
        zixl_rPi-54-3LiPLp6~_zixl                                   147948       0.0 (  2.1%)       0.0 ( -nan%)
        <zixl_I152>~_zixl                                                        0.0 (  6.1%)       0.0 ( -nan%)
      zixl_rPi-510~_zixl                                                 9       0.4 ( 46.3%)       0.0 ( -nan%)
        zixl_rPi-rPZ4I155~_zixl                                          9       0.4 ( 99.3%)       0.0 ( -nan%)
          zixl_rPi-54-ZA81bALPLirAe~_zixl                            73422       0.4 ( 95.2%)       0.0 ( -nan%)
          zixl_rPi-54-3LiPLfi66 [E]~_zixl                              393       0.0 (  2.1%)       0.0 ( -nan%)
          <zixl_I152>~_zixl                                                      0.0 (  2.5%)       0.0 ( -nan%)
      <zixl_I152>~_zixl                                                          0.0 (  1.6%)       0.0 ( -nan%)
    <zixl_I152>~_zixl                                                            0.0 (  2.0%)       0.0 ( -nan%)

    zixl_5Pet1~_zixl                                                  8985       0.5 ( 80.5%)       0.7 ( 80.4%)
    zixl_irY-rPL6iq3I1xi62gIPL2i1I~_zixl                               850       0.0 (  2.9%)       0.0 (  3.1%)
    zixl_irY-rPL6iq3I1gIPL2i1I~_zixl                                   410       0.0 (  3.7%)       0.0 (  3.6%)
    zixl_irY-rPL6iq3I1bPL5~_zixl                                       770       0.0 (  7.4%)       0.1 (  7.4%)
    zixl_irY-rPL6iq3I1xi62~_zixl                                       850       0.0 (  2.7%)       0.0 (  2.9%)
    zixl_irY-iLi2iA2iPL~_zixl                                          415       0.0 (  2.8%)       0.0 (  2.6%)
  zixl_I1ZPt1-5A2i56i1S~_zixl                                        12280       0.6                0.9         

    zixl_irY-5Pet1[rPL6iq3I1]~_zixl                                     82       0.0 (  7.0%)       0.0 (  5.8%)
    zixl_irY-I1512xi62dPet1I5~_zixl                                     88       0.5 ( 93.0%)       0.6 ( 94.2%)
  zixl_irY-rPL6iq3I1xi62gIPL2i1I~_zixl                                 170       0.6                0.7         
    zixl_L1U-tAI [Y]~_zixl                                          521715       0.1 ( 13.5%)       0.1 ( 12.9%)
    zixl_I1ZPt1-5A2i56i1S [R]~_zixl                                    850       0.0 (  3.1%)       0.0 (  4.1%)
    zixl_55-ASSdP3Ir1 [T]~_zixl                                     103650       0.0 (  1.5%)       0.0 (  0.0%)
    zixl_71A4-I1y3ieS [R]~_zixl                                        170       0.0 (  1.0%)       0.0 (  0.0%)
    <zixl_I152>~_zixl                                                            0.5 ( 80.2%)       0.6 ( 83.0%)

    zixl_irY-I1512xi62dPet1I5~_zixl                                     88       0.5 (100.0%)       0.6 (100.0%)
  zixl_irY-rPL6iq3I1xi62~_zixl                                         170       0.5                0.6         
    zixl_L1U-tAI [RH]~_zixl                                         484585       0.1 ( 13.5%)       0.1 ( 12.8%)
    zixl_I1ZPt1-5A2i56i1S [D]~_zixl                                    850       0.0 (  3.1%)       0.0 (  4.1%)
    zixl_55-ASSdP3Ir1 [RE]~_zixl                                     96524       0.0 (  1.3%)       0.0 (  0.0%)
    zixl_71A4-I1y3ieS [D]~_zixl                                        170       0.0 (  1.1%)       0.0 (  0.0%)
    <zixl_I152>~_zixl                                                            0.4 ( 80.4%)       0.5 ( 83.0%)

  <zixl_58i441S>~_zixl                                                           2.4 (  4.7%)       1.4 (  2.1%)

================================================================================
== Profile: PEAK-MEMORY, CPU-freq = 2.60 GHz
                                                          Calls   Peak-Mb         
                                                                                  

    <zixl_543IiP35>~_zixl                                                1     188.0 (100.0%)
  zixl_5A5-ZAiL~_zixl                                                    1     188.0         
    zixl_5eAt1-I3L~_zixl                                                 1     188.0 (100.0%)
      zixl_5eAt1-I1rt~_zixl                                             36     188.0 (100.0%)
        zixl_5eAt1-191r321-2A58~_zixl                                   34     184.0 ( 97.9%)
          zixl_IAI-iZ4e-5Pet1~_zixl                                     34     184.0 (100.0%)
            zixl_IAI-5Pet1~_zixl                                        34     180.0 ( 97.8%)
              zixl_IAI-5Pet1-5Pet1~_zixl                               154     172.0 ( 95.6%)
                zixl_irY-5Pet1~_zixl                                   138     148.0 ( 86.0%)
                  zixl_irY-yA51bA515~_zixl                             135      72.0 ( 48.6%)
                    zixl_IAI-6iI1dA61 [E]~_zixl                         52      60.0 ( 83.3%)
                    zixl_L1U-tAI [T]~_zixl                         2298689      12.0 ( 16.7%)
                  zixl_irY-5Pet1[rPL6iq3I1]~_zixl                       82      32.0 ( 21.6%)
                    zixl_irY-I1512dPet1I5 [E]~_zixl                     82      20.0 ( 62.5%)
                    zixl_irY-rPL6iq3I1gIPL2i1I~_zixl                    82       8.0 ( 25.0%)
                      zixl_L1U-tAI [D]~_zixl                        587231       8.0 (100.0%)
                    zixl_irY-rPL6iq3I1xi62gIPL2i1I [E]~_zixl            82       4.0 ( 12.5%)
                  zixl_irY-52I1Lq271L~_zixl                            215      28.0 ( 18.9%)
                    zixl_irY-iLi2iA2iPL [E]~_zixl                     1744       8.0 ( 28.6%)
                    zixl_irY-rPL51r32iPL [E]~_zixl                    1839       8.0 ( 28.6%)
                    zixl_irY-q1L1IAeiz1~_zixl                          986       8.0 ( 28.6%)
                      zixl_irY-Zir~_zixl                               986       8.0 (100.0%)
                        zixl_irY-r2qfPUL~_zixl                        7963       4.0 ( 50.0%)
                          zixl_irY-iLi2iA2iPL [T]~_zixl               9692       4.0 (100.0%)
                        zixl_irY-34~_zixl                             2929       4.0 ( 50.0%)
                          zixl_5r5-5Pet1 [T]~_zixl                    3663       4.0 (100.0%)
                    zixl_irY-52A21p6[gIPL2i1I]~_zixl                   266       4.0 ( 14.3%)
                      zixl_L1U-tAI [K]~_zixl                        127293       4.0 (100.0%)
                  zixl_irY-9A553Z15~_zixl                               88      12.0 (  8.1%)
                    zixl_irY-I1512xi62dPet1I5~_zixl                     88       4.0 ( 33.3%)
                      zixl_irY-rPL6iq3I1xi62 [R]~_zixl                  88       4.0 (100.0%)
                    <zixl_I152>~_zixl                                            8.0 ( 66.7%)
                  zixl_IAI-6iI1dA61 [R]~_zixl                           58       4.0 (  2.7%)
                zixl_ySS-5Pet1~_zixl                                    16      24.0 ( 14.0%)
                  <zixl_I152>~_zixl                                             24.0 (100.0%)
              zixl_IAI-51234~_zixl                                     154       8.0 (  4.4%)
                zixl_55-I1512 [R]~_zixl                               1104       8.0 (100.0%)
            zixl_4r-4IPt1~_zixl                                         34       4.0 (  2.2%)
              zixl_55-I1512 [E]~_zixl                                    3       4.0 (100.0%)
        <zixl_I152>~_zixl                                                        4.0 (  2.1%)

    zixl_irY-yA51bA515~_zixl                                            52      60.0 ( 93.8%)
    zixl_irY-5Pet1~_zixl                                                58       4.0 (  6.2%)
  zixl_IAI-6iI1dA61~_zixl                                              169      64.0         
    zixl_IAI-ASSgI11s553Z15 [E]~_zixl                                  169      60.0 ( 93.8%)
    zixl_IAI-ei62~_zixl                                                153       4.0 (  6.2%)
      zixl_52e-ei62~_zixl                                              116       4.0 (100.0%)
        zixl_reA35i6O [E]~_zixl                                     513138       4.0 (100.0%)

    zixl_IAI-ASSgI11s553Z15~_zixl                                       17      60.0 (100.0%)
  zixl_4r-rPi~_zixl                                                     24      60.0         
    zixl_rPi-y3ieS~_zixl                                                 3      60.0 (100.0%)
      zixl_rPi-rPZy~_zixl                                           137282      56.0 ( 93.3%)
        zixl_rPi-54-3LiPLp6 [E]~_zixl                               147948      56.0 (100.0%)
      zixl_rPi-510~_zixl                                                 9       4.0 (  6.7%)
        zixl_rPi-rPZ4I155~_zixl                                          9       4.0 (100.0%)
          zixl_rPi-54-ZA81bALPLirAe~_zixl                            73422       4.0 (100.0%)

    zixl_IAI-6iI1dA61~_zixl                                            169      60.0 (100.0%)
  zixl_IAI-ASSgI11s553Z15~_zixl                                        178      60.0         
    zixl_4r-rPi [E]~_zixl                                               17      60.0 (100.0%)

    zixl_rPi-rPZy~_zixl                                             147948      56.0 (100.0%)
  zixl_rPi-54-3LiPLp6~_zixl                                         148362      56.0         

    zixl_irY-yA51bA515~_zixl                                       2298689      12.0 ( 23.1%)
    zixl_irY-rPL6iq3I1gIPL2i1I~_zixl                                587231       8.0 ( 15.4%)
    zixl_irY-rPL6iq3I1EbPL5~_zixl                                  1271735      12.0 ( 23.1%)
    zixl_irY-rPL6iq3I1bPL5~_zixl                                   1189837       4.0 (  7.7%)
    zixl_irY-52A21p6[gIPL2i1I]~_zixl                                127293       4.0 (  7.7%)
    zixl_5r5-5Pet1~_zixl                                            168667       4.0 (  7.7%)
    zixl_irY-rPL6iq3I1xi62~_zixl                                    484585       4.0 (  7.7%)
    zixl_reA35i6O~_zixl                                            1694237       4.0 (  7.7%)
  zixl_L1U-tAI~_zixl                                               9668550      52.0         
    <zixl_I152>~_zixl                                                           52.0 (100.0%)

    zixl_55-I1512~_zixl                                               2025      12.0 ( 60.0%)
    zixl_irY-iLi2iA2iPL~_zixl                                           68       8.0 ( 40.0%)
  zixl_L1U-r73L8~_zixl                                                2519      20.0         

    zixl_irY-5Pet1[rPL6iq3I1]~_zixl                                     82      20.0 (100.0%)
  zixl_irY-I1512dPet1I5~_zixl                                          128      20.0         
    zixl_irY-rPL6iq3I1EbPL5~_zixl                                       82      12.0 ( 60.0%)
      zixl_L1U-tAI [G]~_zixl                                       1271735      12.0 (100.0%)
    zixl_irY-rPL6iq3I1bPL5 [E]~_zixl                                   128       8.0 ( 40.0%)

    zixl_4r-4IPt1~_zixl                                                  3       4.0 ( 33.3%)
    zixl_IAI-51234~_zixl                                              1104       8.0 ( 66.7%)
  zixl_55-I1512~_zixl                                                 2025      12.0         
    zixl_L1U-r73L8 [E]~_zixl                                          2025      12.0 (100.0%)

    zixl_irY-52I1Lq271L~_zixl                                         1744       8.0 ( 66.7%)
    zixl_irY-r2qfPUL~_zixl                                            9692       4.0 ( 33.3%)
  zixl_irY-iLi2iA2iPL~_zixl                                          12855      12.0         
    zixl_L1U-r73L8 [F]~_zixl                                            68       8.0 ( 66.7%)
    zixl_5Pet1 [D]~_zixl                                             14438       4.0 ( 33.3%)

    zixl_irY-rPL5~_zixl                                               6158       8.0 ( 66.7%)
    zixl_irY-34~_zixl                                                 3663       4.0 ( 33.3%)
  zixl_5r5-5Pet1~_zixl                                               11521      12.0         
    zixl_5Pet1 [T]~_zixl                                             11521       4.0 ( 33.3%)
    zixl_L1U-tAI [RF]~_zixl                                         168667       4.0 ( 33.3%)
    <zixl_I152>~_zixl                                                            4.0 ( 33.3%)

    zixl_irY-I1512dPet1I5~_zixl                                        128       8.0 (100.0%)
  zixl_irY-rPL6iq3I1bPL5~_zixl                                         154       8.0         
    zixl_55-ASSdP3Ir1 [F]~_zixl                                     273417       4.0 ( 50.0%)
    zixl_L1U-tAI [H]~_zixl                                         1189837       4.0 ( 50.0%)

    zixl_irY-rPL6iq3I1xi62gIPL2i1I~_zixl                            103650       4.0 ( 50.0%)
    zixl_irY-rPL6iq3I1bPL5~_zixl                                    273417       4.0 ( 50.0%)
  zixl_55-ASSdP3Ir1~_zixl                                          1419074       8.0         

    zixl_irY-52I1Lq271L~_zixl                                         1839       8.0 (100.0%)
  zixl_irY-rPL51r32iPL~_zixl                                         10648       8.0         
    zixl_irY-rPL5~_zixl                                               6158       8.0 (100.0%)
      zixl_5r5-5Pet1 [R]~_zixl                                        6158       8.0 (100.0%)

    zixl_5r5-5Pet1~_zixl                                             11521       4.0 ( 50.0%)
    zixl_irY-iLi2iA2iPL~_zixl                                        14438       4.0 ( 50.0%)
  zixl_5Pet1~_zixl                                                   37530       8.0         
    <zixl_I152>~_zixl                                                            8.0 (100.0%)

    zixl_irY-I1512xi62dPet1I5~_zixl                                     88       4.0 (100.0%)
  zixl_irY-rPL6iq3I1xi62~_zixl                                         170       4.0         
    zixl_L1U-tAI [RH]~_zixl                                         484585       4.0 (100.0%)

    zixl_irY-5Pet1[rPL6iq3I1]~_zixl                                     82       4.0 (100.0%)
  zixl_irY-rPL6iq3I1xi62gIPL2i1I~_zixl                                 170       4.0         
    zixl_55-ASSdP3Ir1 [T]~_zixl                                     103650       4.0 (100.0%)

    zixl_52e-ei62~_zixl                                             513138       4.0 (100.0%)
  zixl_reA35i6O~_zixl                                               521643       4.0         
    zixl_L1U-tAI [RK]~_zixl                                        1694237       4.0 (100.0%)

