================================================================================
== Profile: REAL-TIME, VTIME, CPU-freq = 2.60 GHz
                                                          Calls Real-Time  Parent  Virt-Time  Parent 
                                                                   (secs) fraction    (secs) fraction

    <zixl_543IiP35>~_zixl                                                1      54.2 (100.0%)       0.1 (100.0%)
  zixl_5A5-ZAiL~_zixl                                                    1      54.2                0.1         
    zixl_L125A5-I3L~_zixl                                                1      54.1 (100.0%)       0.1 (100.0%)
      zixl_L125A5-1t1L2-ePP4~_zixl                                       1      54.1 ( 99.9%)       0.1 (100.0%)
        zixl_L125A5-UPI8~_zixl                                         125       0.7 (  1.4%)       0.0 ( 22.3%)
          zixl_L125A5-rI1A21-yeL~_zixl                                   1       0.4 ( 50.0%)       0.0 (100.0%)
            zixl_5ry-58i4_yLe~_zixl                                      1       0.3 ( 73.3%)       0.0 ( 84.3%)
              zixl_yeLdLe-P32~_zixl                                     49       0.3 ( 95.1%)       0.0 ( 52.5%)
                zixl_yeLdLe-yy~_zixl                                   239       0.2 ( 96.8%)       0.0 (100.0%)
                  zixl_yeLdLe-yy-yy~_zixl                             2363       0.1 ( 24.0%)       0.0 (  0.0%)
                    zixl_yy-yy [T]~_zixl                              2363       0.1 ( 99.8%)       0.0 ( -nan%)
                  zixl_IUTe-y3ieS-6IPZ-AIIAO~_zixl                       1       0.0 (  1.4%)       0.0 (  0.0%)
                  <zixl_I152>~_zixl                                              0.2 ( 74.7%)       0.0 (100.0%)
                <zixl_I152>~_zixl                                                0.0 (  3.2%)       0.0 (  0.0%)
              <zixl_I152>~_zixl                                                  0.0 (  4.9%)       0.0 ( 47.5%)
            zixl_5ry-6i942~_zixl                                         1       0.1 ( 26.7%)       0.0 ( 15.7%)
              zixl_UeLfA2AB1S3r1~_zixl                                   1       0.1 ( 95.6%)       0.0 (100.0%)
                zixl_UeL-w352i6O~_zixl                                   1       0.1 ( 89.6%)       0.0 ( 94.5%)
                  zixl_UeL-5LeTUeL~_zixl                                 1       0.1 ( 94.9%)       0.0 ( 59.1%)
                    zixl_yy-yy [R]~_zixl                                16       0.0 (  1.8%)       0.0 (  0.0%)
                    <zixl_I152>~_zixl                                            0.1 ( 98.2%)       0.0 (100.0%)
                  zixl_UeL-w352i6O-i~_zixl                               1       0.0 (  5.0%)       0.0 ( 40.9%)
                    zixl_UeL-5LeTUeL-6iLi57~_zixl                        1       0.0 (  8.0%)       0.0 (  0.1%)
                    <zixl_I152>~_zixl                                            0.0 ( 92.0%)       0.0 ( 99.9%)
                zixl_UeL-SA2A-ALAeOz1~_zixl                           2751       0.0 (  2.6%)       0.0 (  0.1%)
                zixl_UeL-SA2A~_zixl                                      1       0.0 (  2.4%)       0.0 (  5.1%)
                  zixl_UeL-SA2A-tAI5~_zixl                               1       0.0 (100.0%)       0.0 (100.0%)
                zixl_UeL-SA2A-511L~_zixl                                 1       0.0 (  2.2%)       0.0 (  0.2%)
                <zixl_I152>~_zixl                                                0.0 (  3.3%)       0.0 (  0.1%)
              zixl_6i942-iLi2~_zixl                                      1       0.0 (  4.4%)       0.0 (  0.0%)
                zixl_diZ3eA21dLeb::diZ3eA21~_zixl                        2       0.0 ( 12.0%)       0.0 ( -nan%)
                <zixl_I152>~_zixl                                                0.0 ( 88.0%)       0.0 ( -nan%)
          zixl_L125A5-iLi2-6ISy~_zixl                                    1       0.2 ( 23.3%)       0.0 (  0.0%)
            zixl_6ISy-rI1A21-6IPZ-6PIZAe-Sy~_zixl                        1       0.2 ( 99.2%)       0.0 ( -nan%)
              zixl_6ISy-I152PI1-51r2iPL~_zixl                            1       0.2 ( 99.6%)       0.0 ( -nan%)
                zixl_6ISy-I152PI1-rPZ4-Sy~_zixl                          1       0.2 (100.0%)       0.0 ( -nan%)
                  zixl_I152PI1-5Le~_zixl                                 1       0.2 ( 97.9%)       0.0 ( -nan%)
                    zixl_zi_5Le_rPL2192_I152PI1~_zixl                    1       0.2 ( 99.8%)       0.0 ( -nan%)
                      zixl_5Le-I52I-iLi2iAe-I1q-tAe315~_zixl             1       0.1 ( 70.9%)       0.0 ( -nan%)
                      zixl_5Le-I52I-iS-AIIAO~_zixl                       1       0.0 ( 12.0%)       0.0 ( -nan%)
                        zixl_I152PI1-194I-5Ir5iL8~_zixl               1697       0.0 ( 19.0%)       0.0 ( -nan%)
                        zixl_I152PI1-194I-194I~_zixl                  3699       0.0 ( 14.8%)       0.0 ( -nan%)
                        zixl_I152PI1-194I-I1q~_zixl                    279       0.0 (  3.6%)       0.0 ( -nan%)
                        <zixl_I152>~_zixl                                        0.0 ( 62.6%)       0.0 ( -nan%)
                      zixl_dLeB152PI1Q1e2~_zixl                          1       0.0 (  2.8%)       0.0 ( -nan%)
                      <zixl_I152>~_zixl                                          0.0 ( 14.0%)       0.0 ( -nan%)
                  zixl_rPZ4Sy-I152PI1~_zixl                              1       0.0 (  1.8%)       0.0 ( -nan%)
                    zixl_rPZ4Sy-I152PI1-32q~_zixl                        1       0.0 ( 73.4%)       0.0 ( -nan%)
                    zixl_rPZ4Sy-I152PI1-4Sy~_zixl                        1       0.0 ( 15.8%)       0.0 ( -nan%)
                    zixl_rPZ4Sy-I152PI1-rSy~_zixl                        1       0.0 (  7.0%)       0.0 ( -nan%)
                    zixl_rPZ4Sy-I152PI1-SA2A~_zixl                       1       0.0 (  2.4%)       0.0 ( -nan%)
          zixl_L125A5-iLi2-55Z~_zixl                                     1       0.0 (  3.4%)       0.0 (  0.0%)
            zixl_55Zr-4I14AI1-5Le~_zixl                                  1       0.0 ( 96.4%)       0.0 ( -nan%)
              zixl_5Le-eiL8-S15iqL [R]~_zixl                             1       0.0 (  3.0%)       0.0 ( -nan%)
              <zixl_I152>~_zixl                                                  0.0 ( 96.5%)       0.0 ( -nan%)
            zixl_55Zr-I1512-510~_zixl                                    1       0.0 (  3.5%)       0.0 ( -nan%)
              zixl_55Z-I1512-510~_zixl                                   1       0.0 ( 99.4%)       0.0 ( -nan%)
          zixl_5Ir7-r2Ie-4I14AI1~_zixl                                   1       0.0 (  2.6%)       0.0 (  0.0%)
            zixl_5iZ3eA21-iLi2-510~_zixl                                 1       0.0 ( 95.6%)       0.0 ( -nan%)
            zixl_5Le-e1t1e-rPZ4321-Aee [R]~_zixl                         1       0.0 (  2.0%)       0.0 ( -nan%)
            <zixl_I152>~_zixl                                                    0.0 (  2.1%)       0.0 ( -nan%)
          <zixl_I152>~_zixl                                                      0.1 ( 20.2%)       0.0 (  0.0%)
        <zixl_I152>~_zixl                                                       53.4 ( 98.6%)       0.1 ( 77.7%)


================================================================================
== Profile: PEAK-MEMORY, CPU-freq = 2.60 GHz
                                                          Calls   Peak-Mb         
                                                                                  

    <zixl_543IiP35>~_zixl                                                1     172.0 (100.0%)
  zixl_5A5-ZAiL~_zixl                                                    1     172.0         
    zixl_L125A5-I3L~_zixl                                                1     172.0 (100.0%)
      zixl_L125A5-1t1L2-ePP4~_zixl                                       1     172.0 (100.0%)
        zixl_L125A5-UPI8~_zixl                                         125     172.0 (100.0%)
          zixl_L125A5-iLi2-6ISy~_zixl                                    1      88.0 ( 51.2%)
            zixl_6ISy-rI1A21-6IPZ-6PIZAe-Sy~_zixl                        1      88.0 (100.0%)
              zixl_6ISy-I152PI1-51r2iPL~_zixl                            1      88.0 (100.0%)
                zixl_6ISy-I152PI1-rPZ4-Sy~_zixl                          1      88.0 (100.0%)
                  zixl_I152PI1-5Le~_zixl                                 1      88.0 (100.0%)
                    zixl_zi_5Le_rPL2192_I152PI1~_zixl                    1      88.0 (100.0%)
                      zixl_dLeB152PI1Q1e2~_zixl                          1       4.0 (  4.5%)
                      <zixl_I152>~_zixl                                         84.0 ( 95.5%)
          zixl_L125A5-rI1A21-yeL~_zixl                                   1      84.0 ( 48.8%)
            zixl_5ry-58i4_yLe~_zixl                                      1      60.0 ( 71.4%)
              zixl_yeLdLe-P32~_zixl                                     49      56.0 ( 93.3%)
                zixl_yeLdLe-yy~_zixl                                   239      56.0 (100.0%)
                  zixl_yeLdLe-yy-yy~_zixl                             2363      52.0 ( 92.9%)
                    zixl_yy-yy [T]~_zixl                              2363      52.0 (100.0%)
                  <zixl_I152>~_zixl                                              4.0 (  7.1%)
              <zixl_I152>~_zixl                                                  4.0 (  6.7%)
            zixl_5ry-6i942~_zixl                                         1      24.0 ( 28.6%)
              zixl_UeLfA2AB1S3r1~_zixl                                   1      24.0 (100.0%)
                zixl_UeL-w352i6O~_zixl                                   1      24.0 (100.0%)
                  zixl_UeL-5LeTUeL~_zixl                                 1      24.0 (100.0%)
                    <zixl_I152>~_zixl                                           24.0 (100.0%)

    zixl_yeLdLe-yy-yy~_zixl                                           2363      52.0 (100.0%)
  zixl_yy-yy~_zixl                                                    2392      52.0         
    zixl_yy-yiLAIO-S16~_zixl                                           580      52.0 (100.0%)
      <zixl_I152>~_zixl                                                         52.0 (100.0%)

