================================================================================
== Profile: REAL-TIME, VTIME, CPU-freq = 2.60 GHz
                                                          Calls Real-Time  Parent  Virt-Time  Parent 
                                                                   (secs) fraction    (secs) fraction

    <zixl_543IiP35>~_zixl                                                1      52.2 (100.0%)      68.4 (100.0%)
  zixl_5A5-ZAiL~_zixl                                                    1      52.2               68.4         
    zixl_5eAt1-I3L~_zixl                                                 1      52.2 (100.0%)      68.4 (100.0%)
      zixl_5eAt1-I1rt~_zixl                                             27      52.2 ( 99.9%)      68.4 (100.0%)
        zixl_5eAt1-191r321-2A58~_zixl                                   25      51.4 ( 98.6%)      68.4 (100.0%)
          zixl_IAI-iZ4e-5Pet1~_zixl                                     22      45.1 ( 87.7%)      60.6 ( 88.6%)
            zixl_IAI-5Pet1~_zixl                                        22      42.8 ( 94.8%)      57.6 ( 95.0%)
              zixl_IAI-5Pet1-5Pet1~_zixl                               126      40.9 ( 95.7%)      55.3 ( 96.1%)
                zixl_irY-5Pet1~_zixl                                   118      39.1 ( 95.7%)      53.9 ( 97.5%)
                  zixl_irY-52I1Lq271L~_zixl                            211      29.6 ( 75.7%)      43.0 ( 79.8%)
                    zixl_irY-q1L1IAeiz1~_zixl                         1006      21.1 ( 71.2%)      30.8 ( 71.6%)
                      zixl_irY-Zir~_zixl                              1006      19.6 ( 93.0%)      28.6 ( 92.7%)
                        zixl_irY-r2qfPUL~_zixl                        8981      18.8 ( 95.9%)      27.8 ( 97.3%)
                          zixl_irY-rPL51r32iPL [T]~_zixl              9626      16.1 ( 85.4%)      24.0 ( 86.4%)
                          zixl_irY-iLi2iA2iPL [T]~_zixl              11525       2.7 ( 14.2%)       3.8 ( 13.6%)
                        zixl_irY-34~_zixl                             5105       0.8 (  4.0%)       0.8 (  2.7%)
                          zixl_5r5-5Pet1 [T]~_zixl                    6475       0.6 ( 77.5%)       0.6 ( 80.6%)
                          zixl_5Pet1 [RY]~_zixl                       5105       0.1 ( 13.8%)       0.1 ( 15.8%)
                          zixl_3LSP [G]~_zixl                         9219       0.0 (  1.6%)       0.0 (  2.7%)
                          <zixl_I152>~_zixl                                      0.1 (  6.6%)       0.0 (  0.6%)
                      zixl_irY-rPL51r32iPL [R]~_zixl                   872       1.5 (  7.0%)       2.2 (  7.2%)
                    zixl_irY-rPL51r32iPL [E]~_zixl                    1896       5.3 ( 17.8%)       8.2 ( 19.0%)
                    zixl_irY-iLi2iA2iPL [E]~_zixl                     1788       2.2 (  7.5%)       2.3 (  5.4%)
                    zixl_5r5-5Pet1 [E]~_zixl                           284       0.9 (  3.1%)       1.6 (  3.6%)
                  zixl_irY-yA51bA515~_zixl                             113       3.6 (  9.1%)       4.1 (  7.7%)
                    zixl_5Pet1 [J]~_zixl                               205       0.8 ( 22.0%)       1.3 ( 30.5%)
                    zixl_IAI-6iI1dA61 [E]~_zixl                         35       0.8 ( 21.3%)       0.6 ( 14.2%)
                    zixl_L1U-tAI [Y]~_zixl                         2011021       0.3 (  8.5%)       0.3 (  8.0%)
                    zixl_55-ASSdP3Ir1 [R]~_zixl                     259989       0.0 (  1.3%)       0.0 (  0.0%)
                    <zixl_I152>~_zixl                                            1.7 ( 46.9%)       2.0 ( 47.4%)
                  zixl_irY-5Pet1[rPL6iq3I1]~_zixl                       82       2.3 (  6.0%)       2.7 (  5.1%)
                    zixl_irY-I1512dPet1I5 [E]~_zixl                     82       1.8 ( 75.7%)       2.1 ( 76.5%)
                    zixl_irY-rPL6iq3I1gIPL2i1I~_zixl                    82       0.5 ( 22.5%)       0.6 ( 22.0%)
                      zixl_L1U-tAI [F]~_zixl                        454168       0.1 ( 13.4%)       0.1 ( 12.4%)
                      zixl_I1ZPt1-5A2i56i1S [T]~_zixl                  410       0.0 (  2.9%)       0.0 (  3.8%)
                      zixl_55-ASSdP3Ir1 [Y]~_zixl                    89204       0.0 (  2.0%)       0.0 (  0.0%)
                      <zixl_I152>~_zixl                                          0.4 ( 80.5%)       0.5 ( 83.8%)
                      <zixl_58i441S>~_zixl                                       0.0 (  1.2%)       0.0 (  0.0%)
                    zixl_irY-rPL6iq3I1xi62gIPL2i1I [E]~_zixl            82       0.0 (  1.7%)       0.0 (  1.4%)
                  zixl_IAI-6iI1dA61 [R]~_zixl                           64       1.8 (  4.7%)       2.0 (  3.6%)
                  zixl_irY-9A553Z15~_zixl                               93       1.2 (  3.0%)       1.3 (  2.4%)
                    zixl_irY-I1512xi62dPet1I5~_zixl                     93       1.1 ( 94.7%)       1.3 ( 97.0%)
                      zixl_irY-rPL6iq3I1xi62gIPL2i1I [R]~_zixl          93       0.5 ( 47.5%)       0.6 ( 50.2%)
                      zixl_irY-rPL6iq3I1xi62 [R]~_zixl                  93       0.5 ( 47.1%)       0.6 ( 49.8%)
                      zixl_55-I1512 [H]~_zixl                          186       0.1 (  5.3%)       0.0 (  0.0%)
                    <zixl_I152>~_zixl                                            0.1 (  5.3%)       0.0 (  3.0%)
                  <zixl_58i441S>~_zixl                                           0.6 (  1.4%)       0.8 (  1.4%)
                zixl_ySS-5Pet1~_zixl                                     8       1.8 (  4.3%)       1.4 (  2.5%)
                  zixl_yeL_ySS~_zixl                                     8       1.7 ( 94.6%)       1.3 ( 94.9%)
                    zixl_yeL_ySS-Zr~_zixl                                8       1.2 ( 74.5%)       1.0 ( 76.3%)
                    zixl_yeL_ySS-ir~_zixl                                8       0.4 ( 25.5%)       0.3 ( 23.7%)
                      zixl_yeL_ySS-ir-2I~_zixl                           8       0.3 ( 62.3%)       0.2 ( 59.0%)
                      zixl_yeL_ySS-ir-rL52I5-4I1~_zixl                   8       0.2 ( 37.0%)       0.1 ( 40.4%)
                  zixl_IAI-6iI1dA61 [T]~_zixl                            5       0.0 (  1.9%)       0.0 (  2.3%)
                  zixl_I14-2IAr1~_zixl                                   5       0.0 (  1.5%)       0.0 (  2.8%)
                    zixl_reA35i6O [K]~_zixl                            338       0.0 ( 31.9%)       0.0 ( 54.7%)
                    zixl_5Pet1 [RH]~_zixl                                5       0.0 (  4.5%)       0.0 (  6.4%)
                    zixl_34SA21-ZAI81S-tAI5 [K]~_zixl                    5       0.0 (  3.8%)       0.0 (  6.8%)
                    zixl_ZAI8-ePqir [K]~_zixl                            5       0.0 (  1.7%)       0.0 (  5.4%)
                    <zixl_I152>~_zixl                                            0.0 ( 57.6%)       0.0 ( 26.8%)
                  <zixl_I152>~_zixl                                              0.0 (  2.0%)       0.0 (  0.0%)
              zixl_IAI-4yA-2IAr1~_zixl                                  23       0.3 (  0.8%)       1.4 (  2.4%)
                zixl_IAI-6iI1dA61 [Y]~_zixl                             23       0.3 ( 91.4%)       1.4 ( 97.7%)
                zixl_IAI-rPL52I3r2 [R]~_zixl                            23       0.0 (  6.0%)       0.0 (  2.3%)
                <zixl_I152>~_zixl                                                0.0 (  2.6%)       0.0 (  0.0%)
              <zixl_I152>~_zixl                                                  0.9 (  2.2%)       0.0 (  0.0%)
              <zixl_58i441S>~_zixl                                               0.6 (  1.4%)       0.9 (  1.5%)
            zixl_IAI-iLtAIiAL25~_zixl                                   22       2.1 (  4.7%)       3.0 (  5.0%)
              zixl_irY-iLtAIiAL25~_zixl                                 19       2.1 (100.0%)       3.0 (100.0%)
                zixl_irY-4IP4AqA21 [R]~_zixl                            19       2.0 ( 93.5%)       2.9 ( 96.3%)
                zixl_irY-rPL6iq3I1bPL5 [R]~_zixl                        16       0.1 (  4.2%)       0.1 (  3.7%)
                zixl_55-I1512 [G]~_zixl                                 16       0.0 (  1.3%)       0.0 (  0.0%)
                zixl_5r5-I1512 [T]~_zixl                                16       0.0 (  1.0%)       0.0 (  0.0%)
          zixl_5A25U114~_zixl                                            5       3.8 (  7.5%)       6.0 (  8.8%)
            zixl_5A25U114-7ALSe1-5A2~_zixl                            5707       2.8 ( 73.3%)       3.7 ( 61.5%)
              zixl_5A25U114-2IAr1-I16iL1~_zixl                        5707       2.1 ( 72.8%)       3.7 (100.0%)
              <zixl_I152>~_zixl                                                  0.8 ( 27.2%)       0.0 (  0.0%)
            zixl_5Pet1 [D]~_zixl                                      5884       0.6 ( 14.8%)       1.7 ( 28.0%)
            zixl_reA35i6O [D]~_zixl                                   5884       0.2 (  5.7%)       0.2 (  3.0%)
            zixl_5A25U114-iLi2-5iZ~_zixl                                 5       0.2 (  4.0%)       0.4 (  6.5%)
              zixl_yeL-5iZ-5214~_zixl                                  197       0.1 ( 53.5%)       0.3 ( 77.2%)
              <zixl_I152>~_zixl                                                  0.1 ( 46.5%)       0.1 ( 22.8%)
            <zixl_I152>~_zixl                                                    0.0 (  1.3%)       0.0 (  0.2%)
          zixl_i21-4Ar8Aq1~_zixl                                     53322       1.9 (  3.7%)       1.3 (  1.9%)
            zixl_i21-rI1A21~_zixl                                    53322       1.9 ( 99.9%)       1.3 (100.0%)
        zixl_5eAt1-I1rt-UAi2~_zixl                                      43       0.6 (  1.2%)       0.0 (  0.0%)

    zixl_5A25U114~_zixl                                               5884       0.6 (  2.0%)       1.7 (  3.9%)
    zixl_irY-yA51bA515~_zixl                                           205       0.8 (  2.8%)       1.3 (  2.9%)
    zixl_5r5-5Pet1~_zixl                                             17785      14.2 ( 50.9%)      21.6 ( 49.7%)
    zixl_irY-iLi2iA2iPL~_zixl                                        16557       3.9 ( 14.0%)       5.2 ( 12.1%)
    zixl_irY-rPL5E~_zixl                                              2812       6.6 ( 23.7%)       9.9 ( 22.8%)
    zixl_irY-52A21p6~_zixl                                            4785       1.3 (  4.5%)       2.0 (  4.5%)
    zixl_52e-ei62~_zixl                                                 78       0.3 (  1.2%)       1.4 (  3.3%)
  zixl_5Pet1~_zixl                                                   53655      27.9               43.3         
    zixl_3LSP [R]~_zixl                                             163427       2.1 (  7.5%)       4.5 ( 10.5%)
    zixl_I1ZPt1-5A2i56i1S [E]~_zixl                                  10170       0.6 (  2.0%)       0.8 (  1.9%)
    zixl_ALAeOz1~_zixl                                              151222       0.3 (  1.2%)       0.1 (  0.2%)
      zixl_q1L1IA21-reA351~_zixl                                    151222       0.1 ( 36.8%)       0.0 (  0.0%)
      zixl_y3Z4-tAI5~_zixl                                          151222       0.1 ( 27.0%)       0.1 (100.0%)
      zixl_ZiLiZiz1-rPL6eir2~_zixl                                  151222       0.1 ( 20.4%)       0.0 (  0.0%)
      zixl_6iLi57~_zixl                                             151222       0.0 ( 10.0%)       0.0 (  0.0%)
      <zixl_I152>~_zixl                                                          0.0 (  5.7%)       0.0 (  0.0%)
    <zixl_I152>~_zixl                                                           24.3 ( 86.9%)      37.8 ( 87.2%)
    <zixl_58i441S>~_zixl                                                         0.7 (  2.3%)       0.1 (  0.1%)

    zixl_irY-52I1Lq271L~_zixl                                         1896       5.3 ( 23.1%)       8.2 ( 23.8%)
    zixl_irY-q1L1IAeiz1~_zixl                                          872       1.5 (  6.4%)       2.2 (  6.5%)
    zixl_irY-r2qfPUL~_zixl                                            9626      16.1 ( 70.5%)      24.0 ( 69.7%)
  zixl_irY-rPL51r32iPL~_zixl                                         12394      22.8               34.4         
    zixl_irY-rPL5~_zixl                                               9582      15.8 ( 69.2%)      24.3 ( 70.5%)
      zixl_5r5-5Pet1 [R]~_zixl                                        9582      12.1 ( 76.7%)      17.7 ( 73.0%)
      zixl_irY-52A21p6 [E]~_zixl                                      4785       1.9 ( 11.7%)       2.4 (  9.7%)
      zixl_3LSP [F]~_zixl                                             9579       1.8 ( 11.3%)       4.2 ( 17.2%)
    zixl_irY-rPL5E~_zixl                                              2812       7.0 ( 30.8%)      10.1 ( 29.5%)
      zixl_5Pet1 [RT]~_zixl                                           2812       6.6 ( 94.3%)       9.9 ( 97.6%)
      zixl_irY-52A21p6 [R]~_zixl                                      1715       0.2 (  2.5%)       0.0 (  0.0%)
      <zixl_I152>~_zixl                                                          0.2 (  2.5%)       0.2 (  1.9%)

    zixl_irY-52I1Lq271L~_zixl                                          284       0.9 (  5.9%)       1.6 (  6.8%)
    zixl_irY-rPL5~_zixl                                               9582      12.1 ( 77.6%)      17.7 ( 77.4%)
    zixl_irY-34~_zixl                                                 6475       0.6 (  3.9%)       0.6 (  2.7%)
    zixl_irY-U1A8bPL51r32iPL~_zixl                                    1444       2.0 ( 12.6%)       3.0 ( 13.0%)
  zixl_5r5-5Pet1~_zixl                                               17785      15.6               22.9         
    zixl_5Pet1 [K]~_zixl                                             17785      14.2 ( 91.1%)      21.6 ( 94.1%)
    zixl_55-ZAI8~_zixl                                               17785       1.1 (  7.1%)       1.0 (  4.3%)
      zixl_3LSP [K]~_zixl                                              757       0.1 ( 11.3%)       0.3 ( 26.3%)
      <zixl_I152>~_zixl                                                          1.0 ( 88.7%)       0.7 ( 73.7%)
    <zixl_I152>~_zixl                                                            0.2 (  1.2%)       0.2 (  0.9%)

    zixl_irY-52I1Lq271L~_zixl                                         1788       2.2 ( 42.9%)       2.3 ( 35.7%)
    zixl_irY-r2qfPUL~_zixl                                           11525       2.7 ( 51.3%)       3.8 ( 58.5%)
    zixl_irY-U1A8bPL51r32iPL~_zixl                                      22       0.3 (  5.6%)       0.4 (  5.7%)
  zixl_irY-iLi2iA2iPL~_zixl                                          14923       5.2                6.5         
    zixl_5Pet1 [RR]~_zixl                                            16557       3.9 ( 74.9%)       5.2 ( 80.9%)
    zixl_I1ePr-34SA21 [E]~_zixl                                         35       0.2 (  3.2%)       0.0 (  0.0%)
    zixl_L1U-tAI [RR]~_zixl                                         989714       0.1 (  2.8%)       0.2 (  2.6%)
    zixl_3LSP [D]~_zixl                                               1547       0.1 (  1.3%)       0.1 (  1.3%)
    <zixl_I152>~_zixl                                                            0.8 ( 16.0%)       1.0 ( 14.8%)
    <zixl_58i441S>~_zixl                                                         0.1 (  1.7%)       0.0 (  0.4%)

    zixl_L1U-tAI~_zixl                                                7032       0.2 (  5.5%)       0.3 (  2.6%)
    zixl_5Pet1~_zixl                                                163427       2.1 ( 47.3%)       4.5 ( 47.6%)
    zixl_irY-iLi2iA2iPL~_zixl                                         1547       0.1 (  1.5%)       0.1 (  0.9%)
    zixl_irY-rPL5~_zixl                                               9579       1.8 ( 40.2%)       4.2 ( 43.8%)
    zixl_irY-52A21p6~_zixl                                            4784       0.1 (  1.8%)       0.2 (  1.7%)
    zixl_55-ZAI8~_zixl                                                 757       0.1 (  2.8%)       0.3 (  2.8%)
  zixl_3LSP~_zixl                                                   196892       4.4                9.5         

    zixl_irY-yA51bA515~_zixl                                            35       0.8 ( 26.1%)       0.6 ( 14.9%)
    zixl_irY-5Pet1~_zixl                                                64       1.8 ( 62.7%)       2.0 ( 49.8%)
    zixl_ySS-5Pet1~_zixl                                                 5       0.0 (  1.1%)       0.0 (  0.8%)
    zixl_IAI-4yA-2IAr1~_zixl                                            23       0.3 ( 10.1%)       1.4 ( 34.5%)
  zixl_IAI-6iI1dA61~_zixl                                              127       2.9                3.9         
    zixl_IAI-ei62~_zixl                                                122       2.1 ( 70.9%)       3.6 ( 91.4%)
      zixl_52e-ei62~_zixl                                               87       1.9 ( 91.9%)       3.6 (100.0%)
        zixl_reA35i6O [H]~_zixl                                     440732       0.8 ( 43.0%)       1.4 ( 39.2%)
        zixl_3LIPee~_zixl                                             3072       0.5 ( 28.6%)       0.6 ( 16.1%)
          <zixl_I152>~_zixl                                                      0.5 ( 99.3%)       0.6 (100.0%)
        zixl_5Pet1 [RF]~_zixl                                           78       0.3 ( 17.6%)       1.4 ( 39.5%)
        zixl_52e-ei62-rPL6eir2~_zixl                                    75       0.0 (  2.6%)       0.0 (  0.0%)
        zixl_34SA21-ZAI81S-tAI5 [H]~_zixl                               78       0.0 (  2.2%)       0.1 (  2.5%)
        zixl_ZAI8-ePqir [H]~_zixl                                       78       0.0 (  1.4%)       0.1 (  2.0%)
        zixl_52e-ei62-4Ii~_zixl                                         79       0.0 (  1.3%)       0.0 (  0.0%)
        <zixl_I152>~_zixl                                                        0.1 (  3.2%)       0.0 (  0.4%)
      <zixl_I152>~_zixl                                                          0.2 (  8.1%)       0.0 (  0.0%)
    zixl_IAI-I16iL1~_zixl                                              127       0.6 ( 20.7%)       0.3 (  8.6%)
      zixl_IAI-L1r155AIO~_zixl                                       13422       0.3 ( 42.4%)       0.0 (  8.9%)
        zixl_IAI-5iZf1e2A~_zixl                                      13422       0.2 ( 95.8%)       0.0 ( 91.2%)
          <zixl_I152>~_zixl                                                      0.2 ( 99.5%)       0.0 (100.0%)
        <zixl_I152>~_zixl                                                        0.0 (  4.2%)       0.0 (  8.8%)
      zixl_IAI-5iZhPAe5~_zixl                                          212       0.2 ( 40.4%)       0.3 ( 89.4%)
      zixl_IAI-192IAr2 [E]~_zixl                                       127       0.0 (  4.7%)       0.0 (  0.9%)
      zixl_IAI-eAO1I5~_zixl                                            114       0.0 (  2.8%)       0.0 (  0.0%)
      zixl_IAI-I1SPNIAr1~_zixl                                          85       0.0 (  1.8%)       0.0 (  0.6%)
        zixl_IAI-192IAr2 [R]~_zixl                                      85       0.0 ( 99.9%)       0.0 (100.0%)
      zixl_IAI-I16iL1-A553Z15~_zixl                                      8       0.0 (  1.7%)       0.0 (  0.2%)
        zixl_IAI-iLi2B1qi521I5 [Y]~_zixl                                 8       0.0 ( 98.4%)       0.0 (100.0%)
        zixl_rPi-3LiPLp6 [R]~_zixl                                       5       0.0 (  1.1%)       0.0 (  0.0%)
      <zixl_I152>~_zixl                                                          0.0 (  5.4%)       0.0 (  0.0%)
    zixl_IAI-ASSgI11s553Z15 [E]~_zixl                                  127       0.2 (  8.4%)       0.0 (  0.0%)

    zixl_irY-5Pet1~_zixl                                                39       0.3 ( 12.2%)       0.5 ( 13.8%)
    zixl_irY-iLtAIiAL25~_zixl                                           19       2.0 ( 87.8%)       2.9 ( 86.2%)
  zixl_irY-4IP4AqA21~_zixl                                              58       2.3                3.4         
    zixl_irY-U1A8bPL51r32iPL~_zixl                                    1444       2.3 ( 99.8%)       3.4 (100.0%)
      zixl_5r5-5Pet1 [Y]~_zixl                                        1444       2.0 ( 87.1%)       3.0 ( 89.0%)
      zixl_irY-iLi2iA2iPL [D]~_zixl                                     22       0.3 ( 12.8%)       0.4 ( 11.0%)

    zixl_irY-5Pet1[rPL6iq3I1]~_zixl                                     82       1.8 ( 87.1%)       2.1 ( 88.0%)
    zixl_irY-5Pet1~_zixl                                                39       0.3 ( 12.9%)       0.3 ( 12.0%)
  zixl_irY-I1512dPet1I5~_zixl                                          121       2.0                2.4         
    zixl_irY-rPL6iq3I1EbPL5~_zixl                                       82       1.3 ( 61.9%)       1.5 ( 62.9%)
      zixl_L1U-tAI [H]~_zixl                                       1250900       0.2 ( 14.7%)       0.2 ( 13.7%)
      zixl_55-ASSdP3Ir1 [D]~_zixl                                   177583       0.0 (  2.2%)       0.0 (  0.0%)
      <zixl_I152>~_zixl                                                          1.0 ( 83.1%)       1.3 ( 86.3%)
    zixl_irY-rPL6iq3I1bPL5 [E]~_zixl                                   121       0.7 ( 36.2%)       0.9 ( 37.1%)
    zixl_5r5-I1512 [R]~_zixl                                           121       0.0 (  1.9%)       0.0 (  0.0%)

    zixl_irY-rPL5~_zixl                                               4785       1.9 ( 91.4%)       2.4 (100.0%)
    zixl_irY-rPL5E~_zixl                                              1715       0.2 (  8.6%)       0.0 (  0.0%)
  zixl_irY-52A21p6~_zixl                                              6500       2.0                2.4         
    zixl_5Pet1 [RD]~_zixl                                             4785       1.3 ( 62.5%)       2.0 ( 83.3%)
    zixl_irY-52A21p6[iLi2]~_zixl                                      1715       0.2 (  8.6%)       0.0 (  0.0%)
    zixl_3LSP [H]~_zixl                                               4784       0.1 (  3.9%)       0.2 (  6.8%)
    zixl_L1U-tAI [RH]~_zixl                                         213378       0.0 (  1.6%)       0.0 (  1.5%)
    <zixl_I152>~_zixl                                                            0.5 ( 23.2%)       0.2 (  8.5%)

    zixl_reA35i6O~_zixl                                            1512732       0.4 ( 25.4%)       0.4 ( 22.2%)
    zixl_irY-yA51bA515~_zixl                                       2011021       0.3 ( 19.9%)       0.3 ( 19.8%)
    zixl_irY-rPL6iq3I1xi62gIPL2i1I~_zixl                            530183       0.1 (  5.1%)       0.1 (  5.2%)
    zixl_irY-rPL6iq3I1gIPL2i1I~_zixl                                454168       0.1 (  4.6%)       0.1 (  4.5%)
    zixl_irY-rPL6iq3I1EbPL5~_zixl                                  1250900       0.2 ( 12.1%)       0.2 ( 12.3%)
    zixl_irY-rPL6iq3I1bPL5~_zixl                                    746990       0.1 (  6.8%)       0.1 (  7.3%)
    zixl_irY-iLi2iA2iPL~_zixl                                       989714       0.1 (  9.6%)       0.2 (  9.9%)
    zixl_irY-rPL5E~_zixl                                            165228       0.0 (  2.9%)       0.0 (  2.7%)
    zixl_5r5-5Pet1~_zixl                                            185616       0.1 (  5.1%)       0.1 (  8.0%)
    zixl_irY-52A21p6~_zixl                                          213378       0.0 (  2.1%)       0.0 (  2.1%)
    zixl_irY-rPL6iq3I1xi62~_zixl                                    492365       0.1 (  4.6%)       0.1 (  4.8%)
    <zixl_58i441S>~_zixl                                                         0.0 (  1.6%)       0.0 (  1.3%)
  zixl_L1U-tAI~_zixl                                               8667040       1.5                1.7         
    zixl_3LSP [E]~_zixl                                               7032       0.2 ( 15.9%)       0.3 ( 14.9%)
    <zixl_I152>~_zixl                                                            1.3 ( 84.1%)       1.4 ( 85.1%)

    zixl_5A25U114~_zixl                                               5884       0.2 ( 19.5%)       0.2 (  9.9%)
    zixl_52e-ei62~_zixl                                             440732       0.8 ( 72.1%)       1.4 ( 78.1%)
    zixl_4yA-5Pet1-5Pet1~_zixl                                        4477       0.1 (  6.6%)       0.2 (  9.6%)
    zixl_I14-2IAr1~_zixl                                               338       0.0 (  0.7%)       0.0 (  1.1%)
    <zixl_58i441S>~_zixl                                                         0.0 (  1.1%)       0.0 (  1.2%)
  zixl_reA35i6O~_zixl                                               452234       1.1                1.8         
    zixl_L1U-tAI [E]~_zixl                                         1512732       0.4 ( 34.2%)       0.4 ( 20.6%)
    <zixl_I152>~_zixl                                                            0.7 ( 65.8%)       1.4 ( 79.4%)

    zixl_irY-I1512dPet1I5~_zixl                                        121       0.7 ( 89.1%)       0.9 ( 89.0%)
    zixl_irY-iLtAIiAL25~_zixl                                           16       0.1 ( 10.9%)       0.1 ( 11.0%)
  zixl_irY-rPL6iq3I1bPL5~_zixl                                         137       0.8                1.0         
    zixl_L1U-tAI [J]~_zixl                                          746990       0.1 ( 12.5%)       0.1 ( 12.4%)
    zixl_I1ZPt1-5A2i56i1S [Y]~_zixl                                    685       0.0 (  3.1%)       0.0 (  3.8%)
    zixl_55-ASSdP3Ir1 [F]~_zixl                                     146605       0.0 (  1.4%)       0.0 (  0.0%)
    <zixl_I152>~_zixl                                                            0.7 ( 81.8%)       0.8 ( 83.8%)
    <zixl_58i441S>~_zixl                                                         0.0 (  1.2%)       0.0 (  0.0%)

    zixl_5Pet1~_zixl                                                 10170       0.6 ( 85.9%)       0.8 ( 85.6%)
    zixl_irY-rPL6iq3I1xi62gIPL2i1I~_zixl                               875       0.0 (  2.7%)       0.0 (  2.8%)
    zixl_irY-rPL6iq3I1gIPL2i1I~_zixl                                   410       0.0 (  2.4%)       0.0 (  2.4%)
    zixl_irY-rPL6iq3I1bPL5~_zixl                                       685       0.0 (  3.9%)       0.0 (  3.9%)
    zixl_irY-rPL6iq3I1xi62~_zixl                                       875       0.0 (  2.5%)       0.0 (  2.7%)
    zixl_irY-iLi2iA2iPL~_zixl                                          430       0.0 (  2.8%)       0.0 (  2.6%)
  zixl_I1ZPt1-5A2i56i1S~_zixl                                        13445       0.7                1.0         

    zixl_irY-5Pet1[rPL6iq3I1]~_zixl                                     82       0.0 (  6.9%)       0.0 (  5.8%)
    zixl_irY-I1512xi62dPet1I5~_zixl                                     93       0.5 ( 93.1%)       0.6 ( 94.2%)
  zixl_irY-rPL6iq3I1xi62gIPL2i1I~_zixl                                 175       0.6                0.7         
    zixl_L1U-tAI [D]~_zixl                                          530183       0.1 ( 13.6%)       0.1 ( 13.0%)
    zixl_I1ZPt1-5A2i56i1S [R]~_zixl                                    875       0.0 (  3.0%)       0.0 (  4.1%)
    zixl_55-ASSdP3Ir1 [T]~_zixl                                     103807       0.0 (  1.5%)       0.0 (  0.0%)
    zixl_71A4-I1y3ieS [R]~_zixl                                        175       0.0 (  1.0%)       0.0 (  0.0%)
    <zixl_I152>~_zixl                                                            0.5 ( 80.2%)       0.6 ( 83.0%)

    zixl_irY-I1512xi62dPet1I5~_zixl                                     93       0.5 (100.0%)       0.6 (100.0%)
  zixl_irY-rPL6iq3I1xi62~_zixl                                         175       0.5                0.6         
    zixl_L1U-tAI [RK]~_zixl                                         492365       0.1 ( 13.3%)       0.1 ( 12.9%)
    zixl_I1ZPt1-5A2i56i1S [D]~_zixl                                    875       0.0 (  3.1%)       0.0 (  4.1%)
    zixl_55-ASSdP3Ir1 [RE]~_zixl                                     96488       0.0 (  1.2%)       0.0 (  0.0%)
    zixl_71A4-I1y3ieS [D]~_zixl                                        175       0.0 (  1.1%)       0.0 (  0.0%)
    <zixl_I152>~_zixl                                                            0.4 ( 80.7%)       0.5 ( 83.0%)

  <zixl_58i441S>~_zixl                                                           2.6 (  4.9%)       1.3 (  2.0%)

================================================================================
== Profile: PEAK-MEMORY, CPU-freq = 2.60 GHz
                                                          Calls   Peak-Mb         
                                                                                  

    <zixl_543IiP35>~_zixl                                                1     224.0 (100.0%)
  zixl_5A5-ZAiL~_zixl                                                    1     224.0         
    zixl_5eAt1-I3L~_zixl                                                 1     224.0 (100.0%)
      zixl_5eAt1-I1rt~_zixl                                             27     224.0 (100.0%)
        zixl_5eAt1-191r321-2A58~_zixl                                   25     220.0 ( 98.2%)
          zixl_i21-4Ar8Aq1~_zixl                                     53322     152.0 ( 69.1%)
            zixl_i21-rI1A21~_zixl                                    53322     152.0 (100.0%)
          zixl_IAI-iZ4e-5Pet1~_zixl                                     22      36.0 ( 16.4%)
            zixl_IAI-5Pet1~_zixl                                        22      32.0 ( 88.9%)
              zixl_IAI-5Pet1-5Pet1~_zixl                               126      32.0 (100.0%)
                zixl_ySS-5Pet1~_zixl                                     8      24.0 ( 75.0%)
                  <zixl_I152>~_zixl                                             24.0 (100.0%)
                zixl_irY-5Pet1~_zixl                                   118       8.0 ( 25.0%)
                  zixl_irY-52I1Lq271L~_zixl                            211       8.0 (100.0%)
                    zixl_irY-q1L1IAeiz1~_zixl                         1006       8.0 (100.0%)
                      zixl_irY-Zir~_zixl                              1006       4.0 ( 50.0%)
                        zixl_irY-r2qfPUL~_zixl                        8981       4.0 (100.0%)
                          zixl_irY-rPL51r32iPL [T]~_zixl              9626       4.0 (100.0%)
                      zixl_irY-rPL51r32iPL [R]~_zixl                   872       4.0 ( 50.0%)
            zixl_IAI-iLtAIiAL25~_zixl                                   22       4.0 ( 11.1%)
              zixl_irY-iLtAIiAL25~_zixl                                 19       4.0 (100.0%)
                zixl_irY-4IP4AqA21 [R]~_zixl                            19       4.0 (100.0%)
          <zixl_I152>~_zixl                                                     32.0 ( 14.5%)
        <zixl_I152>~_zixl                                                        4.0 (  1.8%)

    zixl_irY-q1L1IAeiz1~_zixl                                          872       4.0 ( 50.0%)
    zixl_irY-r2qfPUL~_zixl                                            9626       4.0 ( 50.0%)
  zixl_irY-rPL51r32iPL~_zixl                                         12394       8.0         
    zixl_irY-rPL5E~_zixl                                              2812       4.0 ( 50.0%)
      zixl_irY-52A21p6 [R]~_zixl                                      1715       4.0 (100.0%)
    zixl_irY-rPL5~_zixl                                               9582       4.0 ( 50.0%)
      zixl_5r5-5Pet1 [R]~_zixl                                        9582       4.0 (100.0%)

    zixl_irY-iLi2iA2iPL~_zixl                                       989714       4.0 ( 50.0%)
    zixl_5r5-5Pet1~_zixl                                            185616       4.0 ( 50.0%)
  zixl_L1U-tAI~_zixl                                               8667040       8.0         
    <zixl_I152>~_zixl                                                            8.0 (100.0%)

    zixl_irY-rPL5~_zixl                                               9582       4.0 (100.0%)
  zixl_5r5-5Pet1~_zixl                                               17785       4.0         
    zixl_L1U-tAI [RF]~_zixl                                         185616       4.0 (100.0%)

    zixl_irY-iLtAIiAL25~_zixl                                           19       4.0 (100.0%)
  zixl_irY-4IP4AqA21~_zixl                                              58       4.0         
    zixl_irY-U1A8bPL51r32iPL~_zixl                                    1444       4.0 (100.0%)
      zixl_irY-iLi2iA2iPL [D]~_zixl                                     22       4.0 (100.0%)

    zixl_irY-rPL5E~_zixl                                              1715       4.0 (100.0%)
  zixl_irY-52A21p6~_zixl                                              6500       4.0         
    zixl_irY-52A21p6[iLi2]~_zixl                                      1715       4.0 (100.0%)

    zixl_irY-U1A8bPL51r32iPL~_zixl                                      22       4.0 (100.0%)
  zixl_irY-iLi2iA2iPL~_zixl                                          14923       4.0         
    zixl_L1U-tAI [RR]~_zixl                                         989714       4.0 (100.0%)

