

===============================================================================
Module: vscale_checker
===============================================================================
Summary
-------------------------------------------------------------------------------
Assertions   : 15 
Assumptions  : 18 
Covers       : 0 
-------------------------------------------------------------------------------
assert genblk2[1].assert_ireg_match (sva)
  Instance: vpipe.regfile.chk0.genblk2[1].assert_ireg_match
  Location: File /rsghome/eldrick/sqed_sss/demos/vscale_demo_shashank/vscale_checker.sv, Line 133
  Severity: error
  Stats:   depth=1 gates=6 flops=0

assert genblk2[2].assert_ireg_match (sva)
  Instance: vpipe.regfile.chk0.genblk2[2].assert_ireg_match
  Location: File /rsghome/eldrick/sqed_sss/demos/vscale_demo_shashank/vscale_checker.sv, Line 133
  Severity: error
  Stats:   depth=1 gates=6 flops=0

assert genblk2[3].assert_ireg_match (sva)
  Instance: vpipe.regfile.chk0.genblk2[3].assert_ireg_match
  Location: File /rsghome/eldrick/sqed_sss/demos/vscale_demo_shashank/vscale_checker.sv, Line 133
  Severity: error
  Stats:   depth=1 gates=6 flops=0

assert genblk2[4].assert_ireg_match (sva)
  Instance: vpipe.regfile.chk0.genblk2[4].assert_ireg_match
  Location: File /rsghome/eldrick/sqed_sss/demos/vscale_demo_shashank/vscale_checker.sv, Line 133
  Severity: error
  Stats:   depth=1 gates=6 flops=0

assert genblk2[5].assert_ireg_match (sva)
  Instance: vpipe.regfile.chk0.genblk2[5].assert_ireg_match
  Location: File /rsghome/eldrick/sqed_sss/demos/vscale_demo_shashank/vscale_checker.sv, Line 133
  Severity: error
  Stats:   depth=1 gates=6 flops=0

assert genblk2[6].assert_ireg_match (sva)
  Instance: vpipe.regfile.chk0.genblk2[6].assert_ireg_match
  Location: File /rsghome/eldrick/sqed_sss/demos/vscale_demo_shashank/vscale_checker.sv, Line 133
  Severity: error
  Stats:   depth=1 gates=6 flops=0

assert genblk2[7].assert_ireg_match (sva)
  Instance: vpipe.regfile.chk0.genblk2[7].assert_ireg_match
  Location: File /rsghome/eldrick/sqed_sss/demos/vscale_demo_shashank/vscale_checker.sv, Line 133
  Severity: error
  Stats:   depth=1 gates=6 flops=0

assert genblk2[8].assert_ireg_match (sva)
  Instance: vpipe.regfile.chk0.genblk2[8].assert_ireg_match
  Location: File /rsghome/eldrick/sqed_sss/demos/vscale_demo_shashank/vscale_checker.sv, Line 133
  Severity: error
  Stats:   depth=1 gates=6 flops=0

assert genblk2[9].assert_ireg_match (sva)
  Instance: vpipe.regfile.chk0.genblk2[9].assert_ireg_match
  Location: File /rsghome/eldrick/sqed_sss/demos/vscale_demo_shashank/vscale_checker.sv, Line 133
  Severity: error
  Stats:   depth=1 gates=6 flops=0

assert genblk2[10].assert_ireg_match (sva)
  Instance: vpipe.regfile.chk0.genblk2[10].assert_ireg_match
  Location: File /rsghome/eldrick/sqed_sss/demos/vscale_demo_shashank/vscale_checker.sv, Line 133
  Severity: error
  Stats:   depth=1 gates=6 flops=0

assert genblk2[11].assert_ireg_match (sva)
  Instance: vpipe.regfile.chk0.genblk2[11].assert_ireg_match
  Location: File /rsghome/eldrick/sqed_sss/demos/vscale_demo_shashank/vscale_checker.sv, Line 133
  Severity: error
  Stats:   depth=1 gates=6 flops=0

assert genblk2[12].assert_ireg_match (sva)
  Instance: vpipe.regfile.chk0.genblk2[12].assert_ireg_match
  Location: File /rsghome/eldrick/sqed_sss/demos/vscale_demo_shashank/vscale_checker.sv, Line 133
  Severity: error
  Stats:   depth=1 gates=6 flops=0

assert genblk2[13].assert_ireg_match (sva)
  Instance: vpipe.regfile.chk0.genblk2[13].assert_ireg_match
  Location: File /rsghome/eldrick/sqed_sss/demos/vscale_demo_shashank/vscale_checker.sv, Line 133
  Severity: error
  Stats:   depth=1 gates=6 flops=0

assert genblk2[14].assert_ireg_match (sva)
  Instance: vpipe.regfile.chk0.genblk2[14].assert_ireg_match
  Location: File /rsghome/eldrick/sqed_sss/demos/vscale_demo_shashank/vscale_checker.sv, Line 133
  Severity: error
  Stats:   depth=1 gates=6 flops=0

assert genblk2[15].assert_ireg_match (sva)
  Instance: vpipe.regfile.chk0.genblk2[15].assert_ireg_match
  Location: File /rsghome/eldrick/sqed_sss/demos/vscale_demo_shashank/vscale_checker.sv, Line 133
  Severity: error
  Stats:   depth=1 gates=6 flops=0

assume assume_reg0 (sva)
  Instance: vpipe.regfile.chk0.assume_reg0
  Location: File /rsghome/eldrick/sqed_sss/demos/vscale_demo_shashank/vscale_checker.sv, Line 96
  Severity: error
  Stats:   depth=1 gates=3 flops=0

assume genblk1[0].assume_consistent_pipeline1 (sva)
  Instance: vpipe.regfile.chk0.genblk1[0].assume_consistent_pipeline1
  Location: File /rsghome/eldrick/sqed_sss/demos/vscale_demo_shashank/vscale_checker.sv, Line 105
  Severity: error
  Stats:   depth=1 gates=2 flops=0

assume genblk1[1].assume_consistent_pipeline1 (sva)
  Instance: vpipe.regfile.chk0.genblk1[1].assume_consistent_pipeline1
  Location: File /rsghome/eldrick/sqed_sss/demos/vscale_demo_shashank/vscale_checker.sv, Line 105
  Severity: error
  Stats:   depth=1 gates=2 flops=0

assume genblk1[2].assume_consistent_pipeline1 (sva)
  Instance: vpipe.regfile.chk0.genblk1[2].assume_consistent_pipeline1
  Location: File /rsghome/eldrick/sqed_sss/demos/vscale_demo_shashank/vscale_checker.sv, Line 105
  Severity: error
  Stats:   depth=1 gates=2 flops=0

assume genblk1[3].assume_consistent_pipeline1 (sva)
  Instance: vpipe.regfile.chk0.genblk1[3].assume_consistent_pipeline1
  Location: File /rsghome/eldrick/sqed_sss/demos/vscale_demo_shashank/vscale_checker.sv, Line 105
  Severity: error
  Stats:   depth=1 gates=2 flops=0

assume genblk1[4].assume_consistent_pipeline1 (sva)
  Instance: vpipe.regfile.chk0.genblk1[4].assume_consistent_pipeline1
  Location: File /rsghome/eldrick/sqed_sss/demos/vscale_demo_shashank/vscale_checker.sv, Line 105
  Severity: error
  Stats:   depth=1 gates=2 flops=0

assume genblk1[5].assume_consistent_pipeline1 (sva)
  Instance: vpipe.regfile.chk0.genblk1[5].assume_consistent_pipeline1
  Location: File /rsghome/eldrick/sqed_sss/demos/vscale_demo_shashank/vscale_checker.sv, Line 105
  Severity: error
  Stats:   depth=1 gates=2 flops=0

assume genblk1[6].assume_consistent_pipeline1 (sva)
  Instance: vpipe.regfile.chk0.genblk1[6].assume_consistent_pipeline1
  Location: File /rsghome/eldrick/sqed_sss/demos/vscale_demo_shashank/vscale_checker.sv, Line 105
  Severity: error
  Stats:   depth=1 gates=2 flops=0

assume genblk1[7].assume_consistent_pipeline1 (sva)
  Instance: vpipe.regfile.chk0.genblk1[7].assume_consistent_pipeline1
  Location: File /rsghome/eldrick/sqed_sss/demos/vscale_demo_shashank/vscale_checker.sv, Line 105
  Severity: error
  Stats:   depth=1 gates=2 flops=0

assume genblk1[8].assume_consistent_pipeline1 (sva)
  Instance: vpipe.regfile.chk0.genblk1[8].assume_consistent_pipeline1
  Location: File /rsghome/eldrick/sqed_sss/demos/vscale_demo_shashank/vscale_checker.sv, Line 105
  Severity: error
  Stats:   depth=1 gates=2 flops=0

assume genblk1[9].assume_consistent_pipeline1 (sva)
  Instance: vpipe.regfile.chk0.genblk1[9].assume_consistent_pipeline1
  Location: File /rsghome/eldrick/sqed_sss/demos/vscale_demo_shashank/vscale_checker.sv, Line 105
  Severity: error
  Stats:   depth=1 gates=2 flops=0

assume genblk1[10].assume_consistent_pipeline1 (sva)
  Instance: vpipe.regfile.chk0.genblk1[10].assume_consistent_pipeline1
  Location: File /rsghome/eldrick/sqed_sss/demos/vscale_demo_shashank/vscale_checker.sv, Line 105
  Severity: error
  Stats:   depth=1 gates=2 flops=0

assume genblk1[11].assume_consistent_pipeline1 (sva)
  Instance: vpipe.regfile.chk0.genblk1[11].assume_consistent_pipeline1
  Location: File /rsghome/eldrick/sqed_sss/demos/vscale_demo_shashank/vscale_checker.sv, Line 105
  Severity: error
  Stats:   depth=1 gates=2 flops=0

assume genblk1[12].assume_consistent_pipeline1 (sva)
  Instance: vpipe.regfile.chk0.genblk1[12].assume_consistent_pipeline1
  Location: File /rsghome/eldrick/sqed_sss/demos/vscale_demo_shashank/vscale_checker.sv, Line 105
  Severity: error
  Stats:   depth=1 gates=2 flops=0

assume genblk1[13].assume_consistent_pipeline1 (sva)
  Instance: vpipe.regfile.chk0.genblk1[13].assume_consistent_pipeline1
  Location: File /rsghome/eldrick/sqed_sss/demos/vscale_demo_shashank/vscale_checker.sv, Line 105
  Severity: error
  Stats:   depth=1 gates=2 flops=0

assume genblk1[14].assume_consistent_pipeline1 (sva)
  Instance: vpipe.regfile.chk0.genblk1[14].assume_consistent_pipeline1
  Location: File /rsghome/eldrick/sqed_sss/demos/vscale_demo_shashank/vscale_checker.sv, Line 105
  Severity: error
  Stats:   depth=1 gates=2 flops=0

assume genblk1[15].assume_consistent_pipeline1 (sva)
  Instance: vpipe.regfile.chk0.genblk1[15].assume_consistent_pipeline1
  Location: File /rsghome/eldrick/sqed_sss/demos/vscale_demo_shashank/vscale_checker.sv, Line 105
  Severity: error
  Stats:   depth=1 gates=2 flops=0

assume assume_mem (sva)
  Instance: vpipe.regfile.chk0.assume_mem
  Location: File /rsghome/eldrick/sqed_sss/demos/vscale_demo_shashank/vscale_checker.sv, Line 124
  Severity: error
  Stats:   depth=1 gates=10 flops=1
  INITIAL_PROPERTY (Initial property)


===============================================================================
Module: inst_constraint
===============================================================================
Summary
-------------------------------------------------------------------------------
Assertions   : 0 
Assumptions  : 1 
Covers       : 0 
-------------------------------------------------------------------------------
assume assume_allowed_instructions (sva)
  Instance: vpipe.regfile.chk0.inst_constraint_0.assume_allowed_instructions
  Location: File /rsghome/eldrick/sqed_sss/demos/vscale_demo_shashank/qed/inst_constraint.sv, Line 120
  Severity: error
  Stats:   depth=1 gates=3 flops=0

