---------------------------------------------------------------------------------------------------
IDL_TO_NL Report
---------------------------------------------------------------------------------------------------
Module Name         #Nodes         #PVs           #Buses         Summary                                           
===================================================================================================
pht                 -              -              -              Can not netlist                                   
oldest_finder4      -              -              -              Can not netlist                                   
oldest_finder8      -              -              -              Can not netlist                                   
---------------------------------------------------------------------------------------------------
Total No. of GateLevel Modules:	3
---------------------------------------------------------------------------------------------------
No. of modules successfully elaborated:	0
---------------------------------------------------------------------------------------------------
In elaborated modules

Total 		Node Count:0	Peekvar Count:0	  BusCount:0	
---------------------------------------------------------------------------------------------------
