-----------------------------------------------------------------
Netlist Inline Information
-----------------------------------------------------------------
Module_Name                                        | Instance_Count       | Is_Libcell_Or_Udp    | Is_Inlined | Comments                      
pipeline                                           | 1                    | 0                    | 0          |                               
dmem                                               | 1                    | 0                    | 0          |                               
imem_ld                                            | 1                    | 0                    | 0          |                               
pipeline_if                                        | 1                    | 0                    | 0          |                               
tag_generator                                      | 1                    | 0                    | 0          |                               
decoder                                            | 2                    | 0                    | 0          |                               
sourceoperand_manager                              | 4                    | 0                    | 0          |                               
rrf_freelistmanager                                | 1                    | 0                    | 0          |                               
arf                                                | 1                    | 0                    | 0          |                               
rrf                                                | 1                    | 0                    | 0          |                               
src_manager                                        | 56                   | 0                    | 0          |                               
imm_gen                                            | 2                    | 0                    | 0          |                               
brimm_gen                                          | 2                    | 0                    | 0          |                               
rs_requestgenerator                                | 1                    | 0                    | 0          |                               
allocateunit                                       | 1                    | 0                    | 0          |                               
oldest_finder8                                     | 2                    | 0                    | 0          |                               
rs_alu                                             | 2                    | 0                    | 0          |                               
alloc_issue_ino                                    | 2                    | 0                    | 0          |                               
rs_ldst                                            | 1                    | 0                    | 0          |                               
rs_branch                                          | 1                    | 0                    | 0          |                               
allocateunit(1)                                    | 1                    | 0                    | 0          |                               
prioenc(1)                                         | 3                    | 0                    | 0          |                               
rs_mul                                             | 1                    | 0                    | 0          |                               
exunit_alu                                         | 2                    | 0                    | 0          |                               
storebuf                                           | 1                    | 0                    | 0          |                               
exunit_ldst                                        | 1                    | 0                    | 0          |                               
exunit_mul                                         | 1                    | 0                    | 0          |                               
exunit_branch                                      | 1                    | 0                    | 0          |                               
miss_prediction_fix_table                          | 1                    | 0                    | 0          |                               
reorderbuf                                         | 1                    | 0                    | 0          |                               
select_logic                                       | 1                    | 0                    | 0          |                               
btb                                                | 1                    | 0                    | 0          |                               
gshare_predictor                                   | 1                    | 0                    | 0          |                               
ram_sync_nolatch_4r2w                              | 1                    | 0                    | 0          |                               
renaming_table                                     | 1                    | 0                    | 0          |                               
prioenc                                            | 2                    | 0                    | 0          |                               
maskunit                                           | 1                    | 0                    | 0          |                               
oldest_finder4                                     | 4                    | 0                    | 0          |                               
oldest_finder2                                     | 14                   | 0                    | 0          |                               
rs_alu_ent                                         | 16                   | 0                    | 0          |                               
search_begin                                       | 6                    | 0                    | 0          |                               
search_end                                         | 6                    | 0                    | 0          |                               
rs_ldst_ent                                        | 4                    | 0                    | 0          |                               
rs_branch_ent                                      | 4                    | 0                    | 0          |                               
maskunit(1)                                        | 1                    | 0                    | 0          |                               
rs_mul_ent                                         | 2                    | 0                    | 0          |                               
src_a_mux                                          | 2                    | 0                    | 0          |                               
src_b_mux                                          | 2                    | 0                    | 0          |                               
alu                                                | 3                    | 0                    | 0          |                               
search_begin(1)                                    | 2                    | 0                    | 0          |                               
search_end(1)                                      | 2                    | 0                    | 0          |                               
multiplier                                         | 1                    | 0                    | 0          |                               
tag_decoder                                        | 1                    | 0                    | 0          |                               
ram_sync_1r1w                                      | 2                    | 0                    | 0          |                               
sel_bhrfix                                         | 1                    | 0                    | 0          |                               
pht                                                | 1                    | 0                    | 0          |                               
register_constraints                               | 1                    | 0                    | 0          |                               
mux_4x1                                            | 1                    | 0                    | 0          |                               
true_dualport_ram                                  | 2                    | 0                    | 0          |                               